Component: ARM Compiler 5.06 update 6 (build 750) Tool: armlink [4d35ed]

==============================================================================

Section Cross References

    startup_stm32f103xb.o(STACK) refers (Special) to heapauxi.o(.text) for __use_two_region_memory
    startup_stm32f103xb.o(HEAP) refers (Special) to heapauxi.o(.text) for __use_two_region_memory
    startup_stm32f103xb.o(RESET) refers (Special) to heapauxi.o(.text) for __use_two_region_memory
    startup_stm32f103xb.o(RESET) refers to startup_stm32f103xb.o(STACK) for __initial_sp
    startup_stm32f103xb.o(RESET) refers to startup_stm32f103xb.o(.text) for Reset_Handler
    startup_stm32f103xb.o(RESET) refers to stm32f1xx_it.o(i.NMI_Handler) for NMI_Handler
    startup_stm32f103xb.o(RESET) refers to stm32f1xx_it.o(i.HardFault_Handler) for HardFault_Handler
    startup_stm32f103xb.o(RESET) refers to stm32f1xx_it.o(i.MemManage_Handler) for MemManage_Handler
    startup_stm32f103xb.o(RESET) refers to stm32f1xx_it.o(i.BusFault_Handler) for BusFault_Handler
    startup_stm32f103xb.o(RESET) refers to stm32f1xx_it.o(i.UsageFault_Handler) for UsageFault_Handler
    startup_stm32f103xb.o(RESET) refers to port.o(.emb_text) for SVC_Handler
    startup_stm32f103xb.o(RESET) refers to stm32f1xx_it.o(i.DebugMon_Handler) for DebugMon_Handler
    startup_stm32f103xb.o(RESET) refers to stm32f1xx_it.o(i.SysTick_Handler) for SysTick_Handler
    startup_stm32f103xb.o(RESET) refers to stm32f1xx_it.o(i.DMA1_Channel5_IRQHandler) for DMA1_Channel5_IRQHandler
    startup_stm32f103xb.o(RESET) refers to stm32f1xx_it.o(i.ADC1_2_IRQHandler) for ADC1_2_IRQHandler
    startup_stm32f103xb.o(.text) refers (Special) to heapauxi.o(.text) for __use_two_region_memory
    startup_stm32f103xb.o(.text) refers to system_stm32f1xx.o(i.SystemInit) for SystemInit
    startup_stm32f103xb.o(.text) refers to __main.o(!!!main) for __main
    startup_stm32f103xb.o(.text) refers to startup_stm32f103xb.o(HEAP) for Heap_Mem
    startup_stm32f103xb.o(.text) refers to startup_stm32f103xb.o(STACK) for Stack_Mem
    main.o(i.ConvertByteToInt) refers to main.o(.data) for .data
    main.o(i.ConvertIntToByte) refers to main.o(.data) for .data
    main.o(i.MX_FREERTOS_Init) refers to rt_memcpy_w.o(.text) for __aeabi_memcpy4
    main.o(i.MX_FREERTOS_Init) refers to cmsis_os.o(i.osThreadCreate) for osThreadCreate
    main.o(i.MX_FREERTOS_Init) refers to main.o(.constdata) for .constdata
    main.o(i.MX_FREERTOS_Init) refers to main.o(.data) for .data
    main.o(i.Read_sensor) refers to stm32f1xx_hal_adc.o(i.HAL_ADC_Start) for HAL_ADC_Start
    main.o(i.Read_sensor) refers to stm32f1xx_hal.o(i.HAL_Delay) for HAL_Delay
    main.o(i.Read_sensor) refers to stm32f1xx_hal_adc.o(i.HAL_ADC_GetValue) for HAL_ADC_GetValue
    main.o(i.Read_sensor) refers to stm32f1xx_hal_adc.o(i.HAL_ADC_Stop) for HAL_ADC_Stop
    main.o(i.Read_sensor) refers to adc.o(.bss) for hadc1
    main.o(i.Read_sensor) refers to main.o(.data) for .data
    main.o(i.StartDefaultTask) refers to main.o(i.Read_sensor) for Read_sensor
    main.o(i.StartDefaultTask) refers to main.o(i.ConvertIntToByte) for ConvertIntToByte
    main.o(i.StartDefaultTask) refers to stm32f1xx_hal_uart.o(i.HAL_UART_Transmit) for HAL_UART_Transmit
    main.o(i.StartDefaultTask) refers to cmsis_os.o(i.osDelay) for osDelay
    main.o(i.StartDefaultTask) refers to main.o(i.ConvertByteToInt) for ConvertByteToInt
    main.o(i.StartDefaultTask) refers to main.o(.data) for .data
    main.o(i.StartDefaultTask) refers to usart.o(.bss) for huart1
    main.o(i.StartTask02) refers to stm32f1xx_hal_gpio.o(i.HAL_GPIO_WritePin) for HAL_GPIO_WritePin
    main.o(i.StartTask02) refers to cmsis_os.o(i.osDelay) for osDelay
    main.o(i.StartTask02) refers to main.o(.data) for .data
    main.o(i.StartTask02) refers to tim.o(.bss) for htim3
    main.o(i.SystemClock_Config) refers to rt_memclr_w.o(.text) for __aeabi_memclr4
    main.o(i.SystemClock_Config) refers to stm32f1xx_hal_rcc.o(i.HAL_RCC_OscConfig) for HAL_RCC_OscConfig
    main.o(i.SystemClock_Config) refers to stm32f1xx_hal_rcc.o(i.HAL_RCC_ClockConfig) for HAL_RCC_ClockConfig
    main.o(i.SystemClock_Config) refers to stm32f1xx_hal_rcc_ex.o(i.HAL_RCCEx_PeriphCLKConfig) for HAL_RCCEx_PeriphCLKConfig
    main.o(i.main) refers to stm32f1xx_hal.o(i.HAL_Init) for HAL_Init
    main.o(i.main) refers to main.o(i.SystemClock_Config) for SystemClock_Config
    main.o(i.main) refers to gpio.o(i.MX_GPIO_Init) for MX_GPIO_Init
    main.o(i.main) refers to tim.o(i.MX_TIM1_Init) for MX_TIM1_Init
    main.o(i.main) refers to tim.o(i.MX_TIM3_Init) for MX_TIM3_Init
    main.o(i.main) refers to dma.o(i.MX_DMA_Init) for MX_DMA_Init
    main.o(i.main) refers to usart.o(i.MX_USART1_UART_Init) for MX_USART1_UART_Init
    main.o(i.main) refers to adc.o(i.MX_ADC1_Init) for MX_ADC1_Init
    main.o(i.main) refers to stm32f1xx_hal_tim.o(i.HAL_TIM_PWM_Start) for HAL_TIM_PWM_Start
[...]
    ../clib/memcpset.s                       0x00000000   Number         0  rt_memcpy_v6.o ABSOLUTE
    ../clib/memcpset.s                       0x00000000   Number         0  rt_memcpy_w.o ABSOLUTE
    ../clib/memcpset.s                       0x00000000   Number         0  rt_memclr_w.o ABSOLUTE
    ../clib/memcpset.s                       0x00000000   Number         0  rt_memclr.o ABSOLUTE
    ../clib/signal.c                         0x00000000   Number         0  defsig_rtmem_outer.o ABSOLUTE
    ../clib/signal.c                         0x00000000   Number         0  defsig_segv_inner.o ABSOLUTE
    ../clib/signal.c                         0x00000000   Number         0  defsig_cppl_inner.o ABSOLUTE
    ../clib/signal.c                         0x00000000   Number         0  defsig_pvfn_inner.o ABSOLUTE
    ../clib/signal.c                         0x00000000   Number         0  defsig_stak_inner.o ABSOLUTE
    ../clib/signal.c                         0x00000000   Number         0  defsig_rtred_inner.o ABSOLUTE
    ../clib/signal.c                         0x00000000   Number         0  defsig_fpe_inner.o ABSOLUTE
    ../clib/signal.c                         0x00000000   Number         0  defsig_general.o ABSOLUTE
    ../clib/signal.c                         0x00000000   Number         0  __raise.o ABSOLUTE
    ../clib/signal.c                         0x00000000   Number         0  defsig_rtmem_inner.o ABSOLUTE
    ../clib/signal.c                         0x00000000   Number         0  defsig_exit.o ABSOLUTE
    ../clib/signal.c                         0x00000000   Number         0  defsig_abrt_inner.o ABSOLUTE
    ../clib/signal.c                         0x00000000   Number         0  defsig_other.o ABSOLUTE
    ../clib/signal.c                         0x00000000   Number         0  defsig_rtmem_formal.o ABSOLUTE
    ../clib/signal.s                         0x00000000   Number         0  defsig.o ABSOLUTE
    ../clib/stdlib.c                         0x00000000   Number         0  exit.o ABSOLUTE
    ../fplib/fpinit.s                        0x00000000   Number         0  fpinit.o ABSOLUTE
    ..\Core\Src\adc.c                        0x00000000   Number         0  adc.o ABSOLUTE
    ..\Core\Src\dma.c                        0x00000000   Number         0  dma.o ABSOLUTE
    ..\Core\Src\gpio.c                       0x00000000   Number         0  gpio.o ABSOLUTE
    ..\Core\Src\main.c                       0x00000000   Number         0  main.o ABSOLUTE
    ..\Core\Src\stm32f1xx_hal_msp.c          0x00000000   Number         0  stm32f1xx_hal_msp.o ABSOLUTE
    ..\Core\Src\stm32f1xx_it.c               0x00000000   Number         0  stm32f1xx_it.o ABSOLUTE
    ..\Core\Src\system_stm32f1xx.c           0x00000000   Number         0  system_stm32f1xx.o ABSOLUTE
    ..\Core\Src\tim.c                        0x00000000   Number         0  tim.o ABSOLUTE
    ..\Core\Src\usart.c                      0x00000000   Number         0  usart.o ABSOLUTE
    ..\Drivers\STM32F1xx_HAL_Driver\Src\stm32f1xx_hal.c 0x00000000   Number         0  stm32f1xx_hal.o ABSOLUTE
    ..\Drivers\STM32F1xx_HAL_Driver\Src\stm32f1xx_hal_adc.c 0x00000000   Number         0  stm32f1xx_hal_adc.o ABSOLUTE
    ..\Drivers\STM32F1xx_HAL_Driver\Src\stm32f1xx_hal_adc_ex.c 0x00000000   Number         0  stm32f1xx_hal_adc_ex.o ABSOLUTE
    ..\Drivers\STM32F1xx_HAL_Driver\Src\stm32f1xx_hal_cortex.c 0x00000000   Number         0  stm32f1xx_hal_cortex.o ABSOLUTE
    ..\Drivers\STM32F1xx_HAL_Driver\Src\stm32f1xx_hal_dma.c 0x00000000   Number         0  stm32f1xx_hal_dma.o ABSOLUTE
    ..\Drivers\STM32F1xx_HAL_Driver\Src\stm32f1xx_hal_exti.c 0x00000000   Number         0  stm32f1xx_hal_exti.o ABSOLUTE
    ..\Drivers\STM32F1xx_HAL_Driver\Src\stm32f1xx_hal_flash.c 0x00000000   Number         0  stm32f1xx_hal_flash.o ABSOLUTE
    ..\Drivers\STM32F1xx_HAL_Driver\Src\stm32f1xx_hal_flash_ex.c 0x00000000   Number         0  stm32f1xx_hal_flash_ex.o ABSOLUTE
    ..\Drivers\STM32F1xx_HAL_Driver\Src\stm32f1xx_hal_gpio.c 0x00000000   Number         0  stm32f1xx_hal_gpio.o ABSOLUTE
    ..\Drivers\STM32F1xx_HAL_Driver\Src\stm32f1xx_hal_gpio_ex.c 0x00000000   Number         0  stm32f1xx_hal_gpio_ex.o ABSOLUTE
    ..\Drivers\STM32F1xx_HAL_Driver\Src\stm32f1xx_hal_pwr.c 0x00000000   Number         0  stm32f1xx_hal_pwr.o ABSOLUTE
    ..\Drivers\STM32F1xx_HAL_Driver\Src\stm32f1xx_hal_rcc.c 0x00000000   Number         0  stm32f1xx_hal_rcc.o ABSOLUTE
    ..\Drivers\STM32F1xx_HAL_Driver\Src\stm32f1xx_hal_rcc_ex.c 0x00000000   Number         0  stm32f1xx_hal_rcc_ex.o ABSOLUTE
    ..\Drivers\STM32F1xx_HAL_Driver\Src\stm32f1xx_hal_tim.c 0x00000000   Number         0  stm32f1xx_hal_tim.o ABSOLUTE
    ..\Drivers\STM32F1xx_HAL_Driver\Src\stm32f1xx_hal_tim_ex.c 0x00000000   Number         0  stm32f1xx_hal_tim_ex.o ABSOLUTE
    ..\Drivers\STM32F1xx_HAL_Driver\Src\stm32f1xx_hal_uart.c 0x00000000   Number         0  stm32f1xx_hal_uart.o ABSOLUTE
    ..\Middlewares\Third_Party\FreeRTOS\Source\CMSIS_RTOS\cmsis_os.c 0x00000000   Number         0  cmsis_os.o ABSOLUTE
    ..\Middlewares\Third_Party\FreeRTOS\Source\portable\RVDS\ARM_CM3\port.c 0x00000000   Number         0  port.o ABSOLUTE
    dc.s                                     0x00000000   Number         0  dc.o ABSOLUTE
    startup_stm32f103xb.s                    0x00000000   Number         0  startup_stm32f103xb.o ABSOLUTE
    RESET                                    0x08000000   Section      236  startup_stm32f103xb.o(RESET)
    !!!main                                  0x080000ec   Section        8  __main.o(!!!main)
    !!!scatter                               0x080000f4   Section       52  __scatter.o(!!!scatter)
    !!handler_copy                           0x08000128   Section       26  __scatter_copy.o(!!handler_copy)
    !!handler_zi                             0x08000144   Section       28  __scatter_zi.o(!!handler_zi)
    .ARM.Collect$$libinit$$00000000          0x08000160   Section        2  libinit.o(.ARM.Collect$$libinit$$00000000)
    .ARM.Collect$$libinit$$00000002          0x08000162   Section        0  libinit2.o(.ARM.Collect$$libinit$$00000002)
    .ARM.Collect$$libinit$$00000004          0x08000162   Section        0  libinit2.o(.ARM.Collect$$libinit$$00000004)
    .ARM.Collect$$libinit$$0000000A          0x08000162   Section        0  libinit2.o(.ARM.Collect$$libinit$$0000000A)
    .ARM.Collect$$libinit$$0000000C          0x08000162   Section        0  libinit2.o(.ARM.Collect$$libinit$$0000000C)
    .ARM.Collect$$libinit$$0000000E          0x08000162   Section        0  libinit2.o(.ARM.Collect$$libinit$$0000000E)
    .ARM.Collect$$libinit$$00000011          0x08000162   Section        0  libinit2.o(.ARM.Collect$$libinit$$00000011)
    .ARM.Collect$$libinit$$00000013          0x08000162   Section        0  libinit2.o(.ARM.Collect$$libinit$$00000013)
    .ARM.Collect$$libinit$$00000015          0x08000162   Section        0  libinit2.o(.ARM.Collect$$libinit$$00000015)
    .ARM.Collect$$libinit$$00000017          0x08000162   Section        0  libinit2.o(.ARM.Collect$$libinit$$00000017)
    .ARM.Collect$$libinit$$00000019          0x08000162   Section        0  libinit2.o(.ARM.Collect$$libinit$$00000019)
    .ARM.Collect$$libinit$$0000001B          0x08000162   Section        0  libinit2.o(.ARM.Collect$$libinit$$0000001B)
    .ARM.Collect$$libinit$$0000001D          0x08000162   Section        0  libinit2.o(.ARM.Collect$$libinit$$0000001D)
    .ARM.Collect$$libinit$$0000001F          0x08000162   Section        0  libinit2.o(.ARM.Collect$$libinit$$0000001F)
    .ARM.Collect$$libinit$$00000021          0x08000162   Section        0  libinit2.o(.ARM.Collect$$libinit$$00000021)
    .ARM.Collect$$libinit$$00000023          0x08000162   Section        0  libinit2.o(.ARM.Collect$$libinit$$00000023)
    .ARM.Collect$$libinit$$00000025          0x08000162   Section        0  libinit2.o(.ARM.Collect$$libinit$$00000025)
    .ARM.Collect$$libinit$$0000002C          0x08000162   Section        0  libinit2.o(.ARM.Collect$$libinit$$0000002C)
    .ARM.Collect$$libinit$$0000002E          0x08000162   Section        0  libinit2.o(.ARM.Collect$$libinit$$0000002E)
    .ARM.Collect$$libinit$$00000030          0x08000162   Section        0  libinit2.o(.ARM.Collect$$libinit$$00000030)
    .ARM.Collect$$libinit$$00000032          0x08000162   Section        0  libinit2.o(.ARM.Collect$$libinit$$00000032)
    .ARM.Collect$$libinit$$00000033          0x08000162   Section        2  libinit2.o(.ARM.Collect$$libinit$$00000033)
    .ARM.Collect$$libshutdown$$00000000      0x08000164   Section        2  libshutdown.o(.ARM.Collect$$libshutdown$$00000000)
    .ARM.Collect$$libshutdown$$00000002      0x08000166   Section        0  libshutdown2.o(.ARM.Collect$$libshutdown$$00000002)
    .ARM.Collect$$libshutdown$$00000004      0x08000166   Section        0  libshutdown2.o(.ARM.Collect$$libshutdown$$00000004)
    .ARM.Collect$$libshutdown$$00000007      0x08000166   Section        0  libshutdown2.o(.ARM.Collect$$libshutdown$$00000007)
    .ARM.Collect$$libshutdown$$0000000A      0x08000166   Section        0  libshutdown2.o(.ARM.Collect$$libshutdown$$0000000A)
    .ARM.Collect$$libshutdown$$0000000C      0x08000166   Section        0  libshutdown2.o(.ARM.Collect$$libshutdown$$0000000C)
    .ARM.Collect$$libshutdown$$0000000F      0x08000166   Section        0  libshutdown2.o(.ARM.Collect$$libshutdown$$0000000F)
    .ARM.Collect$$libshutdown$$00000010      0x08000166   Section        2  libshutdown2.o(.ARM.Collect$$libshutdown$$00000010)
    .ARM.Collect$$rtentry$$00000000          0x08000168   Section        0  __rtentry.o(.ARM.Collect$$rtentry$$00000000)
    .ARM.Collect$$rtentry$$00000002          0x08000168   Section        0  __rtentry2.o(.ARM.Collect$$rtentry$$00000002)
    .ARM.Collect$$rtentry$$00000004          0x08000168   Section        6  __rtentry4.o(.ARM.Collect$$rtentry$$00000004)
    .ARM.Collect$$rtentry$$00000009          0x0800016e   Section        0  __rtentry2.o(.ARM.Collect$$rtentry$$00000009)
    .ARM.Collect$$rtentry$$0000000A          0x0800016e   Section        4  __rtentry2.o(.ARM.Collect$$rtentry$$0000000A)
    .ARM.Collect$$rtentry$$0000000C          0x08000172   Section        0  __rtentry2.o(.ARM.Collect$$rtentry$$0000000C)
    .ARM.Collect$$rtentry$$0000000D          0x08000172   Section        8  __rtentry2.o(.ARM.Collect$$rtentry$$0000000D)
    .ARM.Collect$$rtexit$$00000000           0x0800017a   Section        2  rtexit.o(.ARM.Collect$$rtexit$$00000000)
    .ARM.Collect$$rtexit$$00000002           0x0800017c   Section        0  rtexit2.o(.ARM.Collect$$rtexit$$00000002)
    .ARM.Collect$$rtexit$$00000003           0x0800017c   Section        4  rtexit2.o(.ARM.Collect$$rtexit$$00000003)
    .ARM.Collect$$rtexit$$00000004           0x08000180   Section        6  rtexit2.o(.ARM.Collect$$rtexit$$00000004)
    .emb_text                                0x08000188   Section      150  port.o(.emb_text)
    .text                                    0x08000220   Section       64  startup_stm32f103xb.o(.text)
    .text                                    0x08000260   Section      100  rt_memcpy_w.o(.text)
    .text                                    0x080002c4   Section       78  rt_memclr_w.o(.text)
    .text                                    0x08000312   Section        0  heapauxi.o(.text)
    .text                                    0x08000318   Section       74  sys_stackheap_outer.o(.text)
    .text                                    0x08000362   Section        0  exit.o(.text)
    .text                                    0x08000374   Section        8  libspace.o(.text)
    .text                                    0x0800037c   Section        0  sys_exit.o(.text)
    .text                                    0x08000388   Section        2  use_no_semi.o(.text)
    .text                                    0x0800038a   Section        0  indicate_semi.o(.text)
    i.ADC1_2_IRQHandler                      0x0800038c   Section        0  stm32f1xx_it.o(i.ADC1_2_IRQHandler)
    i.ADC_ConversionStop_Disable             0x08000398   Section        0  stm32f1xx_hal_adc.o(i.ADC_ConversionStop_Disable)
    i.ADC_Enable                             0x080003f0   Section        0  stm32f1xx_hal_adc.o(i.ADC_Enable)
    i.BusFault_Handler                       0x0800046c   Section        0  stm32f1xx_it.o(i.BusFault_Handler)
    i.ConvertByteToInt                       0x08000470   Section        0  main.o(i.ConvertByteToInt)
    i.ConvertIntToByte                       0x0800049c   Section        0  main.o(i.ConvertIntToByte)
    i.DMA1_Channel5_IRQHandler               0x080004ec   Section        0  stm32f1xx_it.o(i.DMA1_Channel5_IRQHandler)
    i.DMA_SetConfig                          0x080004f8   Section        0  stm32f1xx_hal_dma.o(i.DMA_SetConfig)
    DMA_SetConfig                            0x080004f9   Thumb Code    42  stm32f1xx_hal_dma.o(i.DMA_SetConfig)
    i.DebugMon_Handler                       0x08000522   Section        0  stm32f1xx_it.o(i.DebugMon_Handler)
    i.Error_Handler                          0x08000524   Section        0  main.o(i.Error_Handler)
    i.HAL_ADCEx_InjectedConvCpltCallback     0x08000528   Section        0  stm32f1xx_hal_adc_ex.o(i.HAL_ADCEx_InjectedConvCpltCallback)
    i.HAL_ADC_AnalogWDGConfig                0x0800052c   Section        0  stm32f1xx_hal_adc.o(i.HAL_ADC_AnalogWDGConfig)
    i.HAL_ADC_ConfigChannel                  0x08000584   Section        0  stm32f1xx_hal_adc.o(i.HAL_ADC_ConfigChannel)
    i.HAL_ADC_ConvCpltCallback               0x08000680   Section        0  stm32f1xx_hal_adc.o(i.HAL_ADC_ConvCpltCallback)
    i.HAL_ADC_GetValue                       0x08000682   Section        0  stm32f1xx_hal_adc.o(i.HAL_ADC_GetValue)
    i.HAL_ADC_IRQHandler                     0x08000688   Section        0  stm32f1xx_hal_adc.o(i.HAL_ADC_IRQHandler)
    i.HAL_ADC_Init                           0x08000770   Section        0  stm32f1xx_hal_adc.o(i.HAL_ADC_Init)
    i.HAL_ADC_LevelOutOfWindowCallback       0x0800088c   Section        0  stm32f1xx_hal_adc.o(i.HAL_ADC_LevelOutOfWindowCallback)
    i.HAL_ADC_MspInit                        0x08000890   Section        0  adc.o(i.HAL_ADC_MspInit)
    i.HAL_ADC_Start                          0x080008f8   Section        0  stm32f1xx_hal_adc.o(i.HAL_ADC_Start)
    i.HAL_ADC_Stop                           0x080009b8   Section        0  stm32f1xx_hal_adc.o(i.HAL_ADC_Stop)
    i.HAL_DMA_IRQHandler                     0x080009ec   Section        0  stm32f1xx_hal_dma.o(i.HAL_DMA_IRQHandler)
    i.HAL_DMA_Init                           0x08000b40   Section        0  stm32f1xx_hal_dma.o(i.HAL_DMA_Init)
    i.HAL_DMA_Start_IT                       0x08000b9c   Section        0  stm32f1xx_hal_dma.o(i.HAL_DMA_Start_IT)
    i.HAL_Delay                              0x08000c0c   Section        0  stm32f1xx_hal.o(i.HAL_Delay)
    i.HAL_GPIO_Init                          0x08000c30   Section        0  stm32f1xx_hal_gpio.o(i.HAL_GPIO_Init)
    i.HAL_GPIO_WritePin                      0x08000e10   Section        0  stm32f1xx_hal_gpio.o(i.HAL_GPIO_WritePin)
    i.HAL_GetTick                            0x08000e1c   Section        0  stm32f1xx_hal.o(i.HAL_GetTick)
    i.HAL_IncTick                            0x08000e28   Section        0  stm32f1xx_hal.o(i.HAL_IncTick)
    i.HAL_Init                               0x08000e38   Section        0  stm32f1xx_hal.o(i.HAL_Init)
    i.HAL_InitTick                           0x08000e5c   Section        0  stm32f1xx_hal.o(i.HAL_InitTick)
    i.HAL_MspInit                            0x08000e9c   Section        0  stm32f1xx_hal_msp.o(i.HAL_MspInit)
    i.HAL_NVIC_EnableIRQ                     0x08000ee4   Section        0  stm32f1xx_hal_cortex.o(i.HAL_NVIC_EnableIRQ)
    i.HAL_NVIC_SetPriority                   0x08000f00   Section        0  stm32f1xx_hal_cortex.o(i.HAL_NVIC_SetPriority)
    i.HAL_NVIC_SetPriorityGrouping           0x08000f40   Section        0  stm32f1xx_hal_cortex.o(i.HAL_NVIC_SetPriorityGrouping)
    i.HAL_RCCEx_PeriphCLKConfig              0x08000f64   Section        0  stm32f1xx_hal_rcc_ex.o(i.HAL_RCCEx_PeriphCLKConfig)
    i.HAL_RCC_ClockConfig                    0x08001050   Section        0  stm32f1xx_hal_rcc.o(i.HAL_RCC_ClockConfig)
    i.HAL_RCC_GetPCLK1Freq                   0x0800117c   Section        0  stm32f1xx_hal_rcc.o(i.HAL_RCC_GetPCLK1Freq)
    i.HAL_RCC_GetPCLK2Freq                   0x0800119c   Section        0  stm32f1xx_hal_rcc.o(i.HAL_RCC_GetPCLK2Freq)
    i.HAL_RCC_GetSysClockFreq                0x080011bc   Section        0  stm32f1xx_hal_rcc.o(i.HAL_RCC_GetSysClockFreq)
    i.HAL_RCC_OscConfig                      0x08001228   Section        0  stm32f1xx_hal_rcc.o(i.HAL_RCC_OscConfig)
    i.HAL_SYSTICK_Config                     0x08001548   Section        0  stm32f1xx_hal_cortex.o(i.HAL_SYSTICK_Config)
    i.HAL_TIMEx_MasterConfigSynchronization  0x08001570   Section        0  stm32f1xx_hal_tim_ex.o(i.HAL_TIMEx_MasterConfigSynchronization)
    i.HAL_TIM_Base_Init                      0x080015d8   Section        0  stm32f1xx_hal_tim.o(i.HAL_TIM_Base_Init)
    i.HAL_TIM_Base_MspInit                   0x08001634   Section        0  tim.o(i.HAL_TIM_Base_MspInit)
    i.HAL_TIM_ConfigClockSource              0x08001674   Section        0  stm32f1xx_hal_tim.o(i.HAL_TIM_ConfigClockSource)
    i.HAL_TIM_MspPostInit                    0x0800174c   Section        0  tim.o(i.HAL_TIM_MspPostInit)
    i.HAL_TIM_PWM_ConfigChannel              0x08001798   Section        0  stm32f1xx_hal_tim.o(i.HAL_TIM_PWM_ConfigChannel)
    i.HAL_TIM_PWM_Init                       0x0800185e   Section        0  stm32f1xx_hal_tim.o(i.HAL_TIM_PWM_Init)
    i.HAL_TIM_PWM_MspInit                    0x080018b8   Section        0  stm32f1xx_hal_tim.o(i.HAL_TIM_PWM_MspInit)
    i.HAL_TIM_PWM_Start                      0x080018bc   Section        0  stm32f1xx_hal_tim.o(i.HAL_TIM_PWM_Start)
    i.HAL_UARTEx_RxEventCallback             0x08001958   Section        0  stm32f1xx_hal_uart.o(i.HAL_UARTEx_RxEventCallback)
    i.HAL_UART_ErrorCallback                 0x0800195a   Section        0  stm32f1xx_hal_uart.o(i.HAL_UART_ErrorCallback)
    i.HAL_UART_Init                          0x0800195c   Section        0  stm32f1xx_hal_uart.o(i.HAL_UART_Init)
    i.HAL_UART_MspInit                       0x080019c0   Section        0  usart.o(i.HAL_UART_MspInit)
    i.HAL_UART_Receive_DMA                   0x08001a60   Section        0  stm32f1xx_hal_uart.o(i.HAL_UART_Receive_DMA)
    i.HAL_UART_RxCpltCallback                0x08001a8a   Section        0  stm32f1xx_hal_uart.o(i.HAL_UART_RxCpltCallback)
    i.HAL_UART_RxHalfCpltCallback            0x08001a8c   Section        0  stm32f1xx_hal_uart.o(i.HAL_UART_RxHalfCpltCallback)
    i.HAL_UART_Transmit                      0x08001a90   Section        0  stm32f1xx_hal_uart.o(i.HAL_UART_Transmit)
    i.HardFault_Handler                      0x08001b42   Section        0  stm32f1xx_it.o(i.HardFault_Handler)
    i.MX_ADC1_Init                           0x08001b44   Section        0  adc.o(i.MX_ADC1_Init)
    i.MX_DMA_Init                            0x08001bc0   Section        0  dma.o(i.MX_DMA_Init)
    i.MX_FREERTOS_Init                       0x08001bec   Section        0  main.o(i.MX_FREERTOS_Init)
    i.MX_GPIO_Init                           0x08001c28   Section        0  gpio.o(i.MX_GPIO_Init)
    i.MX_TIM1_Init                           0x08001cd0   Section        0  tim.o(i.MX_TIM1_Init)
    i.MX_TIM3_Init                           0x08001d38   Section        0  tim.o(i.MX_TIM3_Init)
    i.MX_USART1_UART_Init                    0x08001dd0   Section        0  usart.o(i.MX_USART1_UART_Init)
    i.MemManage_Handler                      0x08001e08   Section        0  stm32f1xx_it.o(i.MemManage_Handler)
    i.NMI_Handler                            0x08001e0a   Section        0  stm32f1xx_it.o(i.NMI_Handler)
    i.Read_sensor                            0x08001e0c   Section        0  main.o(i.Read_sensor)
    i.StartDefaultTask                       0x08001e38   Section        0  main.o(i.StartDefaultTask)
    i.StartTask02                            0x08001e70   Section        0  main.o(i.StartTask02)
    i.SysTick_Handler                        0x08001ed8   Section        0  stm32f1xx_it.o(i.SysTick_Handler)
    i.SystemClock_Config                     0x08001ef0   Section        0  main.o(i.SystemClock_Config)
    i.SystemInit                             0x08001f60   Section        0  system_stm32f1xx.o(i.SystemInit)
    i.TIM_Base_SetConfig                     0x08001f64   Section        0  stm32f1xx_hal_tim.o(i.TIM_Base_SetConfig)
    i.TIM_CCxChannelCmd                      0x08001fd0   Section        0  stm32f1xx_hal_tim.o(i.TIM_CCxChannelCmd)
    i.TIM_ETR_SetConfig                      0x08001fea   Section        0  stm32f1xx_hal_tim.o(i.TIM_ETR_SetConfig)
    i.TIM_ITRx_SetConfig                     0x08001ffe   Section        0  stm32f1xx_hal_tim.o(i.TIM_ITRx_SetConfig)
    TIM_ITRx_SetConfig                       0x08001fff   Thumb Code    16  stm32f1xx_hal_tim.o(i.TIM_ITRx_SetConfig)
    i.TIM_OC1_SetConfig                      0x08002010   Section        0  stm32f1xx_hal_tim.o(i.TIM_OC1_SetConfig)
    TIM_OC1_SetConfig                        0x08002011   Thumb Code    74  stm32f1xx_hal_tim.o(i.TIM_OC1_SetConfig)
    i.TIM_OC2_SetConfig                      0x08002060   Section        0  stm32f1xx_hal_tim.o(i.TIM_OC2_SetConfig)
    i.TIM_OC3_SetConfig                      0x080020b8   Section        0  stm32f1xx_hal_tim.o(i.TIM_OC3_SetConfig)
    TIM_OC3_SetConfig                        0x080020b9   Thumb Code    82  stm32f1xx_hal_tim.o(i.TIM_OC3_SetConfig)
    i.TIM_OC4_SetConfig                      0x08002110   Section        0  stm32f1xx_hal_tim.o(i.TIM_OC4_SetConfig)
    TIM_OC4_SetConfig                        0x08002111   Thumb Code    64  stm32f1xx_hal_tim.o(i.TIM_OC4_SetConfig)
    i.TIM_TI1_ConfigInputStage               0x08002154   Section        0  stm32f1xx_hal_tim.o(i.TIM_TI1_ConfigInputStage)
    TIM_TI1_ConfigInputStage                 0x08002155   Thumb Code    34  stm32f1xx_hal_tim.o(i.TIM_TI1_ConfigInputStage)
    i.TIM_TI2_ConfigInputStage               0x08002176   Section        0  stm32f1xx_hal_tim.o(i.TIM_TI2_ConfigInputStage)
    TIM_TI2_ConfigInputStage                 0x08002177   Thumb Code    36  stm32f1xx_hal_tim.o(i.TIM_TI2_ConfigInputStage)
    i.UART_DMAError                          0x0800219a   Section        0  stm32f1xx_hal_uart.o(i.UART_DMAError)
    UART_DMAError                            0x0800219b   Thumb Code    74  stm32f1xx_hal_uart.o(i.UART_DMAError)
    i.UART_DMAReceiveCplt                    0x080021e4   Section        0  stm32f1xx_hal_uart.o(i.UART_DMAReceiveCplt)
    UART_DMAReceiveCplt                      0x080021e5   Thumb Code    90  stm32f1xx_hal_uart.o(i.UART_DMAReceiveCplt)
    i.UART_DMARxHalfCplt                     0x0800223e   Section        0  stm32f1xx_hal_uart.o(i.UART_DMARxHalfCplt)
    UART_DMARxHalfCplt                       0x0800223f   Thumb Code    26  stm32f1xx_hal_uart.o(i.UART_DMARxHalfCplt)
    i.UART_EndRxTransfer                     0x08002258   Section        0  stm32f1xx_hal_uart.o(i.UART_EndRxTransfer)
    UART_EndRxTransfer                       0x08002259   Thumb Code    48  stm32f1xx_hal_uart.o(i.UART_EndRxTransfer)
    i.UART_EndTxTransfer                     0x08002288   Section        0  stm32f1xx_hal_uart.o(i.UART_EndTxTransfer)
    UART_EndTxTransfer                       0x08002289   Thumb Code    18  stm32f1xx_hal_uart.o(i.UART_EndTxTransfer)
    i.UART_SetConfig                         0x0800229c   Section        0  stm32f1xx_hal_uart.o(i.UART_SetConfig)
    UART_SetConfig                           0x0800229d   Thumb Code   178  stm32f1xx_hal_uart.o(i.UART_SetConfig)
    i.UART_Start_Receive_DMA                 0x08002354   Section        0  stm32f1xx_hal_uart.o(i.UART_Start_Receive_DMA)
    i.UART_WaitOnFlagUntilTimeout            0x080023c4   Section        0  stm32f1xx_hal_uart.o(i.UART_WaitOnFlagUntilTimeout)
    UART_WaitOnFlagUntilTimeout              0x080023c5   Thumb Code   100  stm32f1xx_hal_uart.o(i.UART_WaitOnFlagUntilTimeout)
    i.UsageFault_Handler                     0x08002428   Section        0  stm32f1xx_it.o(i.UsageFault_Handler)
    i.__NVIC_SetPriority                     0x0800242a   Section        0  stm32f1xx_hal_cortex.o(i.__NVIC_SetPriority)
    __NVIC_SetPriority                       0x0800242b   Thumb Code    32  stm32f1xx_hal_cortex.o(i.__NVIC_SetPriority)
    i.main                                   0x0800244c   Section        0  main.o(i.main)
    i.makeFreeRtosPriority                   0x0800249c   Section        0  cmsis_os.o(i.makeFreeRtosPriority)
    makeFreeRtosPriority                     0x0800249d   Thumb Code    12  cmsis_os.o(i.makeFreeRtosPriority)
    i.osDelay                                0x080024a8   Section        0  cmsis_os.o(i.osDelay)
    i.osKernelStart                          0x080024b6   Section        0  cmsis_os.o(i.osKernelStart)
    i.osThreadCreate                         0x080024c0   Section        0  cmsis_os.o(i.osThreadCreate)
    i.prvAddCurrentTaskToDelayedList         0x08002514   Section        0  tasks.o(i.prvAddCurrentTaskToDelayedList)
    prvAddCurrentTaskToDelayedList           0x08002515   Thumb Code   102  tasks.o(i.prvAddCurrentTaskToDelayedList)
    i.prvAddNewTaskToReadyList               0x08002584   Section        0  tasks.o(i.prvAddNewTaskToReadyList)
    prvAddNewTaskToReadyList                 0x08002585   Thumb Code   194  tasks.o(i.prvAddNewTaskToReadyList)
    i.prvDeleteTCB                           0x08002654   Section        0  tasks.o(i.prvDeleteTCB)
    prvDeleteTCB                             0x08002655   Thumb Code    52  tasks.o(i.prvDeleteTCB)
    i.prvHeapInit                            0x08002688   Section        0  heap_4.o(i.prvHeapInit)
    prvHeapInit                              0x08002689   Thumb Code    66  heap_4.o(i.prvHeapInit)
    i.prvIdleTask                            0x080026d4   Section        0  tasks.o(i.prvIdleTask)
    prvIdleTask                              0x080026d5   Thumb Code    82  tasks.o(i.prvIdleTask)
    i.prvInitialiseNewTask                   0x08002734   Section        0  tasks.o(i.prvInitialiseNewTask)
    prvInitialiseNewTask                     0x08002735   Thumb Code   142  tasks.o(i.prvInitialiseNewTask)
    i.prvInsertBlockIntoFreeList             0x080027c4   Section        0  heap_4.o(i.prvInsertBlockIntoFreeList)
    prvInsertBlockIntoFreeList               0x080027c5   Thumb Code    72  heap_4.o(i.prvInsertBlockIntoFreeList)
    i.prvResetNextTaskUnblockTime            0x08002810   Section        0  tasks.o(i.prvResetNextTaskUnblockTime)
    prvResetNextTaskUnblockTime              0x08002811   Thumb Code    26  tasks.o(i.prvResetNextTaskUnblockTime)
    i.prvTaskExitError                       0x08002830   Section        0  port.o(i.prvTaskExitError)
    prvTaskExitError                         0x08002831   Thumb Code    36  port.o(i.prvTaskExitError)
    i.pvPortMalloc                           0x08002858   Section        0  heap_4.o(i.pvPortMalloc)
    i.pxPortInitialiseStack                  0x08002930   Section        0  port.o(i.pxPortInitialiseStack)
    i.uxListRemove                           0x08002954   Section        0  list.o(i.uxListRemove)
    i.vApplicationGetIdleTaskMemory          0x0800297c   Section        0  main.o(i.vApplicationGetIdleTaskMemory)
    i.vListInitialise                        0x08002990   Section        0  list.o(i.vListInitialise)
    i.vListInitialiseItem                    0x080029a6   Section        0  list.o(i.vListInitialiseItem)
    i.vListInsert                            0x080029ac   Section        0  list.o(i.vListInsert)
    i.vListInsertEnd                         0x080029dc   Section        0  list.o(i.vListInsertEnd)
    i.vPortEnterCritical                     0x080029f4   Section        0  port.o(i.vPortEnterCritical)
    i.vPortExitCritical                      0x08002a34   Section        0  port.o(i.vPortExitCritical)
    i.vPortFree                              0x08002a5c   Section        0  heap_4.o(i.vPortFree)
    i.vPortSetupTimerInterrupt               0x08002ab8   Section        0  port.o(i.vPortSetupTimerInterrupt)
    i.vTaskDelay                             0x08002adc   Section        0  tasks.o(i.vTaskDelay)
    i.vTaskStartScheduler                    0x08002b28   Section        0  tasks.o(i.vTaskStartScheduler)
    i.vTaskSuspendAll                        0x08002b94   Section        0  tasks.o(i.vTaskSuspendAll)
    i.vTaskSwitchContext                     0x08002ba4   Section        0  tasks.o(i.vTaskSwitchContext)
    i.xPortStartScheduler                    0x08002c00   Section        0  port.o(i.xPortStartScheduler)
    i.xPortSysTickHandler                    0x08002ca8   Section        0  port.o(i.xPortSysTickHandler)
    i.xTaskCreate                            0x08002cd4   Section        0  tasks.o(i.xTaskCreate)
    i.xTaskCreateStatic                      0x08002d2e   Section        0  tasks.o(i.xTaskCreateStatic)
    i.xTaskGetSchedulerState                 0x08002d84   Section        0  tasks.o(i.xTaskGetSchedulerState)
    i.xTaskIncrementTick                     0x08002da0   Section        0  tasks.o(i.xTaskIncrementTick)
    i.xTaskResumeAll                         0x08002e68   Section        0  tasks.o(i.xTaskResumeAll)
    .constdata                               0x08002f2c   Section       56  main.o(.constdata)
    .constdata                               0x08002f64   Section       16  system_stm32f1xx.o(.constdata)
    .constdata                               0x08002f74   Section        8  system_stm32f1xx.o(.constdata)
    .conststring                             0x08002f7c   Section       24  main.o(.conststring)
    .data                                    0x20000000   Section       37  main.o(.data)
    .data                                    0x20000028   Section       12  stm32f1xx_hal.o(.data)
    .data                                    0x20000034   Section        4  system_stm32f1xx.o(.data)
    .data                                    0x20000038   Section       60  tasks.o(.data)
    pxDelayedTaskList                        0x2000003c   Data           4  tasks.o(.data)
    pxOverflowDelayedTaskList                0x20000040   Data           4  tasks.o(.data)
    uxDeletedTasksWaitingCleanUp             0x20000044   Data           4  tasks.o(.data)
    uxCurrentNumberOfTasks                   0x20000048   Data           4  tasks.o(.data)
    xTickCount                               0x2000004c   Data           4  tasks.o(.data)
    uxTopReadyPriority                       0x20000050   Data           4  tasks.o(.data)
    xSchedulerRunning                        0x20000054   Data           4  tasks.o(.data)
    uxPendedTicks                            0x20000058   Data           4  tasks.o(.data)
    xYieldPending                            0x2000005c   Data           4  tasks.o(.data)
    xNumOfOverflows                          0x20000060   Data           4  tasks.o(.data)
    uxTaskNumber                             0x20000064   Data           4  tasks.o(.data)
    xNextTaskUnblockTime                     0x20000068   Data           4  tasks.o(.data)
    xIdleTaskHandle                          0x2000006c   Data           4  tasks.o(.data)
    uxSchedulerSuspended                     0x20000070   Data           4  tasks.o(.data)
    .data                                    0x20000074   Section       24  heap_4.o(.data)
    pxEnd                                    0x20000074   Data           4  heap_4.o(.data)
    xFreeBytesRemaining                      0x20000078   Data           4  heap_4.o(.data)
    xMinimumEverFreeBytesRemaining           0x2000007c   Data           4  heap_4.o(.data)
    xBlockAllocatedBit                       0x20000080   Data           4  heap_4.o(.data)
    xStart                                   0x20000084   Data           8  heap_4.o(.data)
    .data                                    0x2000008c   Section       12  port.o(.data)
    ucMaxSysCallPriority                     0x2000008c   Data           1  port.o(.data)
    uxCriticalNesting                        0x20000090   Data           4  port.o(.data)
    ulMaxPRIGROUPValue                       0x20000094   Data           4  port.o(.data)
    .bss                                     0x20000098   Section      596  main.o(.bss)
    xIdleTaskTCBBuffer                       0x20000098   Data          84  main.o(.bss)
    xIdleStack                               0x200000ec   Data         512  main.o(.bss)
    .bss                                     0x200002ec   Section       48  adc.o(.bss)
    .bss                                     0x2000031c   Section      144  tim.o(.bss)
    .bss                                     0x200003ac   Section      136  usart.o(.bss)
    .bss                                     0x20000434   Section      240  tasks.o(.bss)
    pxReadyTasksLists                        0x20000434   Data         140  tasks.o(.bss)
    xDelayedTaskList1                        0x200004c0   Data          20  tasks.o(.bss)
    xDelayedTaskList2                        0x200004d4   Data          20  tasks.o(.bss)
    xPendingReadyList                        0x200004e8   Data          20  tasks.o(.bss)
    xTasksWaitingTermination                 0x200004fc   Data          20  tasks.o(.bss)
    xSuspendedTaskList                       0x20000510   Data          20  tasks.o(.bss)
    .bss                                     0x20000524   Section     3072  heap_4.o(.bss)
    ucHeap                                   0x20000524   Data        3072  heap_4.o(.bss)
    .bss                                     0x20001124   Section       96  libspace.o(.bss)
    HEAP                                     0x20001188   Section      512  startup_stm32f103xb.o(HEAP)
    Heap_Mem                                 0x20001188   Data         512  startup_stm32f103xb.o(HEAP)
    STACK                                    0x20001388   Section     1024  startup_stm32f103xb.o(STACK)
    Stack_Mem                                0x20001388   Data        1024  startup_stm32f103xb.o(STACK)
    __initial_sp                             0x20001788   Data           0  startup_stm32f103xb.o(STACK)

    Global Symbols

    Symbol Name                              Value     Ov Type        Size  Object(Section)

    BuildAttributes$$THM_ISAv4$P$D$K$B$S$PE$A:L22UL41UL21$X:L11$S22US41US21$IEEE1$IW$USESV6$~STKCKD$USESV7$~SHL$OSPACE$ROPI$EBA8$UX$STANDARDLIB$REQ8$PRES8$EABIv2 0x00000000   Number         0  anon$$obj.o ABSOLUTE
    __ARM_use_no_argv                        0x00000000   Number         0  main.o ABSOLUTE
    __ARM_exceptions_init                     - Undefined Weak Reference
    __alloca_initialize                       - Undefined Weak Reference
    __arm_preinit_                            - Undefined Weak Reference
    __cpp_initialize__aeabi_                  - Undefined Weak Reference
    __cxa_finalize                            - Undefined Weak Reference
    __rt_locale                               - Undefined Weak Reference
    __sigvec_lookup                           - Undefined Weak Reference
    _atexit_init                              - Undefined Weak Reference
    _call_atexit_fns                          - Undefined Weak Reference
    _clock_init                               - Undefined Weak Reference
    _fp_trap_init                             - Undefined Weak Reference
    _fp_trap_shutdown                         - Undefined Weak Reference
    _get_lc_collate                           - Undefined Weak Reference
    _get_lc_ctype                             - Undefined Weak Reference
    _get_lc_monetary                          - Undefined Weak Reference
    _get_lc_numeric                           - Undefined Weak Reference
    _get_lc_time                              - Undefined Weak Reference
    _getenv_init                              - Undefined Weak Reference
    _handle_redirection                       - Undefined Weak Reference
    _init_alloc                               - Undefined Weak Reference
    _init_user_alloc                          - Undefined Weak Reference
    _initio                                   - Undefined Weak Reference
    _rand_init                                - Undefined Weak Reference
    _signal_finish                            - Undefined Weak Reference
    _signal_init                              - Undefined Weak Reference
    _terminate_alloc                          - Undefined Weak Reference
    _terminate_user_alloc                     - Undefined Weak Reference
    _terminateio                              - Undefined Weak Reference
    __Vectors_Size                           0x000000ec   Number         0  startup_stm32f103xb.o ABSOLUTE
    __Vectors                                0x08000000   Data           4  startup_stm32f103xb.o(RESET)
    __Vectors_End                            0x080000ec   Data           0  startup_stm32f103xb.o(RESET)
    __main                                   0x080000ed   Thumb Code     8  __main.o(!!!main)
    __scatterload                            0x080000f5   Thumb Code     0  __scatter.o(!!!scatter)
    __scatterload_rt2                        0x080000f5   Thumb Code    44  __scatter.o(!!!scatter)
    __scatterload_rt2_thumb_only             0x080000f5   Thumb Code     0  __scatter.o(!!!scatter)
    __scatterload_null                       0x08000103   Thumb Code     0  __scatter.o(!!!scatter)
    __scatterload_copy                       0x08000129   Thumb Code    26  __scatter_copy.o(!!handler_copy)
    __scatterload_zeroinit                   0x08000145   Thumb Code    28  __scatter_zi.o(!!handler_zi)
    __rt_lib_init                            0x08000161   Thumb Code     0  libinit.o(.ARM.Collect$$libinit$$00000000)
    __rt_lib_init_alloca_1                   0x08000163   Thumb Code     0  libinit2.o(.ARM.Collect$$libinit$$0000002E)
    __rt_lib_init_argv_1                     0x08000163   Thumb Code     0  libinit2.o(.ARM.Collect$$libinit$$0000002C)
    __rt_lib_init_atexit_1                   0x08000163   Thumb Code     0  libinit2.o(.ARM.Collect$$libinit$$0000001B)
    __rt_lib_init_clock_1                    0x08000163   Thumb Code     0  libinit2.o(.ARM.Collect$$libinit$$00000021)
    __rt_lib_init_cpp_1                      0x08000163   Thumb Code     0  libinit2.o(.ARM.Collect$$libinit$$00000032)
    __rt_lib_init_exceptions_1               0x08000163   Thumb Code     0  libinit2.o(.ARM.Collect$$libinit$$00000030)
    __rt_lib_init_fp_1                       0x08000163   Thumb Code     0  libinit2.o(.ARM.Collect$$libinit$$00000002)
    __rt_lib_init_fp_trap_1                  0x08000163   Thumb Code     0  libinit2.o(.ARM.Collect$$libinit$$0000001F)
    __rt_lib_init_getenv_1                   0x08000163   Thumb Code     0  libinit2.o(.ARM.Collect$$libinit$$00000023)
    __rt_lib_init_heap_1                     0x08000163   Thumb Code     0  libinit2.o(.ARM.Collect$$libinit$$0000000A)
    __rt_lib_init_lc_collate_1               0x08000163   Thumb Code     0  libinit2.o(.ARM.Collect$$libinit$$00000011)
    __rt_lib_init_lc_ctype_1                 0x08000163   Thumb Code     0  libinit2.o(.ARM.Collect$$libinit$$00000013)
    __rt_lib_init_lc_monetary_1              0x08000163   Thumb Code     0  libinit2.o(.ARM.Collect$$libinit$$00000015)
    __rt_lib_init_lc_numeric_1               0x08000163   Thumb Code     0  libinit2.o(.ARM.Collect$$libinit$$00000017)
    __rt_lib_init_lc_time_1                  0x08000163   Thumb Code     0  libinit2.o(.ARM.Collect$$libinit$$00000019)
    __rt_lib_init_preinit_1                  0x08000163   Thumb Code     0  libinit2.o(.ARM.Collect$$libinit$$00000004)
    __rt_lib_init_rand_1                     0x08000163   Thumb Code     0  libinit2.o(.ARM.Collect$$libinit$$0000000E)
    __rt_lib_init_return                     0x08000163   Thumb Code     0  libinit2.o(.ARM.Collect$$libinit$$00000033)
    __rt_lib_init_signal_1                   0x08000163   Thumb Code     0  libinit2.o(.ARM.Collect$$libinit$$0000001D)
    __rt_lib_init_stdio_1                    0x08000163   Thumb Code     0  libinit2.o(.ARM.Collect$$libinit$$00000025)
    __rt_lib_init_user_alloc_1               0x08000163   Thumb Code     0  libinit2.o(.ARM.Collect$$libinit$$0000000C)
    __rt_lib_shutdown                        0x08000165   Thumb Code     0  libshutdown.o(.ARM.Collect$$libshutdown$$00000000)
    __rt_lib_shutdown_cpp_1                  0x08000167   Thumb Code     0  libshutdown2.o(.ARM.Collect$$libshutdown$$00000002)
    __rt_lib_shutdown_fp_trap_1              0x08000167   Thumb Code     0  libshutdown2.o(.ARM.Collect$$libshutdown$$00000007)
    __rt_lib_shutdown_heap_1                 0x08000167   Thumb Code     0  libshutdown2.o(.ARM.Collect$$libshutdown$$0000000F)
    __rt_lib_shutdown_return                 0x08000167   Thumb Code     0  libshutdown2.o(.ARM.Collect$$libshutdown$$00000010)
    __rt_lib_shutdown_signal_1               0x08000167   Thumb Code     0  libshutdown2.o(.ARM.Collect$$libshutdown$$0000000A)
    __rt_lib_shutdown_stdio_1                0x08000167   Thumb Code     0  libshutdown2.o(.ARM.Collect$$libshutdown$$00000004)
    __rt_lib_shutdown_user_alloc_1           0x08000167   Thumb Code     0  libshutdown2.o(.ARM.Collect$$libshutdown$$0000000C)
    __rt_entry                               0x08000169   Thumb Code     0  __rtentry.o(.ARM.Collect$$rtentry$$00000000)
    __rt_entry_presh_1                       0x08000169   Thumb Code     0  __rtentry2.o(.ARM.Collect$$rtentry$$00000002)
    __rt_entry_sh                            0x08000169   Thumb Code     0  __rtentry4.o(.ARM.Collect$$rtentry$$00000004)
    __rt_entry_li                            0x0800016f   Thumb Code     0  __rtentry2.o(.ARM.Collect$$rtentry$$0000000A)
    __rt_entry_postsh_1                      0x0800016f   Thumb Code     0  __rtentry2.o(.ARM.Collect$$rtentry$$00000009)
    __rt_entry_main                          0x08000173   Thumb Code     0  __rtentry2.o(.ARM.Collect$$rtentry$$0000000D)
    __rt_entry_postli_1                      0x08000173   Thumb Code     0  __rtentry2.o(.ARM.Collect$$rtentry$$0000000C)
    __rt_exit                                0x0800017b   Thumb Code     0  rtexit.o(.ARM.Collect$$rtexit$$00000000)
    __rt_exit_ls                             0x0800017d   Thumb Code     0  rtexit2.o(.ARM.Collect$$rtexit$$00000003)
    __rt_exit_prels_1                        0x0800017d   Thumb Code     0  rtexit2.o(.ARM.Collect$$rtexit$$00000002)
    __rt_exit_exit                           0x08000181   Thumb Code     0  rtexit2.o(.ARM.Collect$$rtexit$$00000004)
    SVC_Handler                              0x08000189   Thumb Code    32  port.o(.emb_text)
    __asm___6_port_c_39a90d8d__prvStartFirstTask 0x080001ad   Thumb Code    28  port.o(.emb_text)
    PendSV_Handler                           0x080001cd   Thumb Code    72  port.o(.emb_text)
    vPortGetIPSR                             0x08000219   Thumb Code     6  port.o(.emb_text)
    Reset_Handler                            0x08000221   Thumb Code     8  startup_stm32f103xb.o(.text)
    CAN1_RX1_IRQHandler                      0x0800023b   Thumb Code     0  startup_stm32f103xb.o(.text)
    CAN1_SCE_IRQHandler                      0x0800023b   Thumb Code     0  startup_stm32f103xb.o(.text)
    DMA1_Channel1_IRQHandler                 0x0800023b   Thumb Code     0  startup_stm32f103xb.o(.text)
    DMA1_Channel2_IRQHandler                 0x0800023b   Thumb Code     0  startup_stm32f103xb.o(.text)
    DMA1_Channel3_IRQHandler                 0x0800023b   Thumb Code     0  startup_stm32f103xb.o(.text)
    DMA1_Channel4_IRQHandler                 0x0800023b   Thumb Code     0  startup_stm32f103xb.o(.text)
    DMA1_Channel6_IRQHandler                 0x0800023b   Thumb Code     0  startup_stm32f103xb.o(.text)
    DMA1_Channel7_IRQHandler                 0x0800023b   Thumb Code     0  startup_stm32f103xb.o(.text)
    EXTI0_IRQHandler                         0x0800023b   Thumb Code     0  startup_stm32f103xb.o(.text)
    EXTI15_10_IRQHandler                     0x0800023b   Thumb Code     0  startup_stm32f103xb.o(.text)
    EXTI1_IRQHandler                         0x0800023b   Thumb Code     0  startup_stm32f103xb.o(.text)
    EXTI2_IRQHandler                         0x0800023b   Thumb Code     0  startup_stm32f103xb.o(.text)
    EXTI3_IRQHandler                         0x0800023b   Thumb Code     0  startup_stm32f103xb.o(.text)
    EXTI4_IRQHandler                         0x0800023b   Thumb Code     0  startup_stm32f103xb.o(.text)
    EXTI9_5_IRQHandler                       0x0800023b   Thumb Code     0  startup_stm32f103xb.o(.text)
    FLASH_IRQHandler                         0x0800023b   Thumb Code     0  startup_stm32f103xb.o(.text)
    I2C1_ER_IRQHandler                       0x0800023b   Thumb Code     0  startup_stm32f103xb.o(.text)
    I2C1_EV_IRQHandler                       0x0800023b   Thumb Code     0  startup_stm32f103xb.o(.text)
    I2C2_ER_IRQHandler                       0x0800023b   Thumb Code     0  startup_stm32f103xb.o(.text)
    I2C2_EV_IRQHandler                       0x0800023b   Thumb Code     0  startup_stm32f103xb.o(.text)
    PVD_IRQHandler                           0x0800023b   Thumb Code     0  startup_stm32f103xb.o(.text)
    RCC_IRQHandler                           0x0800023b   Thumb Code     0  startup_stm32f103xb.o(.text)
    RTC_Alarm_IRQHandler                     0x0800023b   Thumb Code     0  startup_stm32f103xb.o(.text)
    RTC_IRQHandler                           0x0800023b   Thumb Code     0  startup_stm32f103xb.o(.text)
    SPI1_IRQHandler                          0x0800023b   Thumb Code     0  startup_stm32f103xb.o(.text)
    SPI2_IRQHandler                          0x0800023b   Thumb Code     0  startup_stm32f103xb.o(.text)
    TAMPER_IRQHandler                        0x0800023b   Thumb Code     0  startup_stm32f103xb.o(.text)
    TIM1_BRK_IRQHandler                      0x0800023b   Thumb Code     0  startup_stm32f103xb.o(.text)
    TIM1_CC_IRQHandler                       0x0800023b   Thumb Code     0  startup_stm32f103xb.o(.text)
    TIM1_TRG_COM_IRQHandler                  0x0800023b   Thumb Code     0  startup_stm32f103xb.o(.text)
    TIM1_UP_IRQHandler                       0x0800023b   Thumb Code     0  startup_stm32f103xb.o(.text)
    TIM2_IRQHandler                          0x0800023b   Thumb Code     0  startup_stm32f103xb.o(.text)
    TIM3_IRQHandler                          0x0800023b   Thumb Code     0  startup_stm32f103xb.o(.text)
    TIM4_IRQHandler                          0x0800023b   Thumb Code     0  startup_stm32f103xb.o(.text)
    USART1_IRQHandler                        0x0800023b   Thumb Code     0  startup_stm32f103xb.o(.text)
    USART2_IRQHandler                        0x0800023b   Thumb Code     0  startup_stm32f103xb.o(.text)
    USART3_IRQHandler                        0x0800023b   Thumb Code     0  startup_stm32f103xb.o(.text)
    USBWakeUp_IRQHandler                     0x0800023b   Thumb Code     0  startup_stm32f103xb.o(.text)
    USB_HP_CAN1_TX_IRQHandler                0x0800023b   Thumb Code     0  startup_stm32f103xb.o(.text)
    USB_LP_CAN1_RX0_IRQHandler               0x0800023b   Thumb Code     0  startup_stm32f103xb.o(.text)
    WWDG_IRQHandler                          0x0800023b   Thumb Code     0  startup_stm32f103xb.o(.text)
    __user_initial_stackheap                 0x0800023d   Thumb Code     0  startup_stm32f103xb.o(.text)
    __aeabi_memcpy4                          0x08000261   Thumb Code     0  rt_memcpy_w.o(.text)
    __aeabi_memcpy8                          0x08000261   Thumb Code     0  rt_memcpy_w.o(.text)
    __rt_memcpy_w                            0x08000261   Thumb Code   100  rt_memcpy_w.o(.text)
    _memcpy_lastbytes_aligned                0x080002a9   Thumb Code     0  rt_memcpy_w.o(.text)
    __aeabi_memclr4                          0x080002c5   Thumb Code     0  rt_memclr_w.o(.text)
    __aeabi_memclr8                          0x080002c5   Thumb Code     0  rt_memclr_w.o(.text)
    __rt_memclr_w                            0x080002c5   Thumb Code    78  rt_memclr_w.o(.text)
    _memset_w                                0x080002c9   Thumb Code     0  rt_memclr_w.o(.text)
    __use_two_region_memory                  0x08000313   Thumb Code     2  heapauxi.o(.text)
    __rt_heap_escrow$2region                 0x08000315   Thumb Code     2  heapauxi.o(.text)
    __rt_heap_expand$2region                 0x08000317   Thumb Code     2  heapauxi.o(.text)
    __user_setup_stackheap                   0x08000319   Thumb Code    74  sys_stackheap_outer.o(.text)
    exit                                     0x08000363   Thumb Code    18  exit.o(.text)
    __user_libspace                          0x08000375   Thumb Code     8  libspace.o(.text)
    __user_perproc_libspace                  0x08000375   Thumb Code     0  libspace.o(.text)
    __user_perthread_libspace                0x08000375   Thumb Code     0  libspace.o(.text)
    _sys_exit                                0x0800037d   Thumb Code     8  sys_exit.o(.text)
    __I$use$semihosting                      0x08000389   Thumb Code     0  use_no_semi.o(.text)
    __use_no_semihosting_swi                 0x08000389   Thumb Code     2  use_no_semi.o(.text)
    __semihosting_library_function           0x0800038b   Thumb Code     0  indicate_semi.o(.text)
    ADC1_2_IRQHandler                        0x0800038d   Thumb Code     6  stm32f1xx_it.o(i.ADC1_2_IRQHandler)
    ADC_ConversionStop_Disable               0x08000399   Thumb Code    86  stm32f1xx_hal_adc.o(i.ADC_ConversionStop_Disable)
    ADC_Enable                               0x080003f1   Thumb Code   114  stm32f1xx_hal_adc.o(i.ADC_Enable)
    BusFault_Handler                         0x0800046d   Thumb Code     2  stm32f1xx_it.o(i.BusFault_Handler)
    ConvertByteToInt                         0x08000471   Thumb Code    40  main.o(i.ConvertByteToInt)
    ConvertIntToByte                         0x0800049d   Thumb Code    74  main.o(i.ConvertIntToByte)
    DMA1_Channel5_IRQHandler                 0x080004ed   Thumb Code     6  stm32f1xx_it.o(i.DMA1_Channel5_IRQHandler)
    DebugMon_Handler                         0x08000523   Thumb Code     2  stm32f1xx_it.o(i.DebugMon_Handler)
    Error_Handler                            0x08000525   Thumb Code     4  main.o(i.Error_Handler)
    HAL_ADCEx_InjectedConvCpltCallback       0x08000529   Thumb Code     2  stm32f1xx_hal_adc_ex.o(i.HAL_ADCEx_InjectedConvCpltCallback)
    HAL_ADC_AnalogWDGConfig                  0x0800052d   Thumb Code    82  stm32f1xx_hal_adc.o(i.HAL_ADC_AnalogWDGConfig)
    HAL_ADC_ConfigChannel                    0x08000585   Thumb Code   240  stm32f1xx_hal_adc.o(i.HAL_ADC_ConfigChannel)
    HAL_ADC_ConvCpltCallback                 0x08000681   Thumb Code     2  stm32f1xx_hal_adc.o(i.HAL_ADC_ConvCpltCallback)
    HAL_ADC_GetValue                         0x08000683   Thumb Code     6  stm32f1xx_hal_adc.o(i.HAL_ADC_GetValue)
    HAL_ADC_IRQHandler                       0x08000689   Thumb Code   230  stm32f1xx_hal_adc.o(i.HAL_ADC_IRQHandler)
    HAL_ADC_Init                             0x08000771   Thumb Code   272  stm32f1xx_hal_adc.o(i.HAL_ADC_Init)
    HAL_ADC_LevelOutOfWindowCallback         0x0800088d   Thumb Code     2  stm32f1xx_hal_adc.o(i.HAL_ADC_LevelOutOfWindowCallback)
    HAL_ADC_MspInit                          0x08000891   Thumb Code    92  adc.o(i.HAL_ADC_MspInit)
    HAL_ADC_Start                            0x080008f9   Thumb Code   184  stm32f1xx_hal_adc.o(i.HAL_ADC_Start)
    HAL_ADC_Stop                             0x080009b9   Thumb Code    52  stm32f1xx_hal_adc.o(i.HAL_ADC_Stop)
    HAL_DMA_IRQHandler                       0x080009ed   Thumb Code   316  stm32f1xx_hal_dma.o(i.HAL_DMA_IRQHandler)
    HAL_DMA_Init                             0x08000b41   Thumb Code    84  stm32f1xx_hal_dma.o(i.HAL_DMA_Init)
    HAL_DMA_Start_IT                         0x08000b9d   Thumb Code   112  stm32f1xx_hal_dma.o(i.HAL_DMA_Start_IT)
    HAL_Delay                                0x08000c0d   Thumb Code    32  stm32f1xx_hal.o(i.HAL_Delay)
    HAL_GPIO_Init                            0x08000c31   Thumb Code   446  stm32f1xx_hal_gpio.o(i.HAL_GPIO_Init)
    HAL_GPIO_WritePin                        0x08000e11   Thumb Code    10  stm32f1xx_hal_gpio.o(i.HAL_GPIO_WritePin)
    HAL_GetTick                              0x08000e1d   Thumb Code     6  stm32f1xx_hal.o(i.HAL_GetTick)
    HAL_IncTick                              0x08000e29   Thumb Code    12  stm32f1xx_hal.o(i.HAL_IncTick)
    HAL_Init                                 0x08000e39   Thumb Code    32  stm32f1xx_hal.o(i.HAL_Init)
    HAL_InitTick                             0x08000e5d   Thumb Code    54  stm32f1xx_hal.o(i.HAL_InitTick)
    HAL_MspInit                              0x08000e9d   Thumb Code    62  stm32f1xx_hal_msp.o(i.HAL_MspInit)
    HAL_NVIC_EnableIRQ                       0x08000ee5   Thumb Code    26  stm32f1xx_hal_cortex.o(i.HAL_NVIC_EnableIRQ)
    HAL_NVIC_SetPriority                     0x08000f01   Thumb Code    60  stm32f1xx_hal_cortex.o(i.HAL_NVIC_SetPriority)
    HAL_NVIC_SetPriorityGrouping             0x08000f41   Thumb Code    26  stm32f1xx_hal_cortex.o(i.HAL_NVIC_SetPriorityGrouping)
    HAL_RCCEx_PeriphCLKConfig                0x08000f65   Thumb Code   224  stm32f1xx_hal_rcc_ex.o(i.HAL_RCCEx_PeriphCLKConfig)
    HAL_RCC_ClockConfig                      0x08001051   Thumb Code   280  stm32f1xx_hal_rcc.o(i.HAL_RCC_ClockConfig)
    HAL_RCC_GetPCLK1Freq                     0x0800117d   Thumb Code    20  stm32f1xx_hal_rcc.o(i.HAL_RCC_GetPCLK1Freq)
    HAL_RCC_GetPCLK2Freq                     0x0800119d   Thumb Code    20  stm32f1xx_hal_rcc.o(i.HAL_RCC_GetPCLK2Freq)
    HAL_RCC_GetSysClockFreq                  0x080011bd   Thumb Code    74  stm32f1xx_hal_rcc.o(i.HAL_RCC_GetSysClockFreq)
    HAL_RCC_OscConfig                        0x08001229   Thumb Code   778  stm32f1xx_hal_rcc.o(i.HAL_RCC_OscConfig)
    HAL_SYSTICK_Config                       0x08001549   Thumb Code    40  stm32f1xx_hal_cortex.o(i.HAL_SYSTICK_Config)
    HAL_TIMEx_MasterConfigSynchronization    0x08001571   Thumb Code    92  stm32f1xx_hal_tim_ex.o(i.HAL_TIMEx_MasterConfigSynchronization)
    HAL_TIM_Base_Init                        0x080015d9   Thumb Code    90  stm32f1xx_hal_tim.o(i.HAL_TIM_Base_Init)
    HAL_TIM_Base_MspInit                     0x08001635   Thumb Code    52  tim.o(i.HAL_TIM_Base_MspInit)
    HAL_TIM_ConfigClockSource                0x08001675   Thumb Code   214  stm32f1xx_hal_tim.o(i.HAL_TIM_ConfigClockSource)
    HAL_TIM_MspPostInit                      0x0800174d   Thumb Code    62  tim.o(i.HAL_TIM_MspPostInit)
    HAL_TIM_PWM_ConfigChannel                0x08001799   Thumb Code   198  stm32f1xx_hal_tim.o(i.HAL_TIM_PWM_ConfigChannel)
    HAL_TIM_PWM_Init                         0x0800185f   Thumb Code    90  stm32f1xx_hal_tim.o(i.HAL_TIM_PWM_Init)
    HAL_TIM_PWM_MspInit                      0x080018b9   Thumb Code     2  stm32f1xx_hal_tim.o(i.HAL_TIM_PWM_MspInit)
    HAL_TIM_PWM_Start                        0x080018bd   Thumb Code   144  stm32f1xx_hal_tim.o(i.HAL_TIM_PWM_Start)
    HAL_UARTEx_RxEventCallback               0x08001959   Thumb Code     2  stm32f1xx_hal_uart.o(i.HAL_UARTEx_RxEventCallback)
    HAL_UART_ErrorCallback                   0x0800195b   Thumb Code     2  stm32f1xx_hal_uart.o(i.HAL_UART_ErrorCallback)
    HAL_UART_Init                            0x0800195d   Thumb Code    98  stm32f1xx_hal_uart.o(i.HAL_UART_Init)
    HAL_UART_MspInit                         0x080019c1   Thumb Code   140  usart.o(i.HAL_UART_MspInit)
    HAL_UART_Receive_DMA                     0x08001a61   Thumb Code    42  stm32f1xx_hal_uart.o(i.HAL_UART_Receive_DMA)
    HAL_UART_RxCpltCallback                  0x08001a8b   Thumb Code     2  stm32f1xx_hal_uart.o(i.HAL_UART_RxCpltCallback)
    HAL_UART_RxHalfCpltCallback              0x08001a8d   Thumb Code     2  stm32f1xx_hal_uart.o(i.HAL_UART_RxHalfCpltCallback)
    HAL_UART_Transmit                        0x08001a91   Thumb Code   178  stm32f1xx_hal_uart.o(i.HAL_UART_Transmit)
    HardFault_Handler                        0x08001b43   Thumb Code     2  stm32f1xx_it.o(i.HardFault_Handler)
    MX_ADC1_Init                             0x08001b45   Thumb Code   112  adc.o(i.MX_ADC1_Init)
    MX_DMA_Init                              0x08001bc1   Thumb Code    40  dma.o(i.MX_DMA_Init)
    MX_FREERTOS_Init                         0x08001bed   Thumb Code    52  main.o(i.MX_FREERTOS_Init)
    MX_GPIO_Init                             0x08001c29   Thumb Code   156  gpio.o(i.MX_GPIO_Init)
    MX_TIM1_Init                             0x08001cd1   Thumb Code    96  tim.o(i.MX_TIM1_Init)
    MX_TIM3_Init                             0x08001d39   Thumb Code   144  tim.o(i.MX_TIM3_Init)
    MX_USART1_UART_Init                      0x08001dd1   Thumb Code    48  usart.o(i.MX_USART1_UART_Init)
    MemManage_Handler                        0x08001e09   Thumb Code     2  stm32f1xx_it.o(i.MemManage_Handler)
    NMI_Handler                              0x08001e0b   Thumb Code     2  stm32f1xx_it.o(i.NMI_Handler)
    Read_sensor                              0x08001e0d   Thumb Code    34  main.o(i.Read_sensor)
    StartDefaultTask                         0x08001e39   Thumb Code    46  main.o(i.StartDefaultTask)
    StartTask02                              0x08001e71   Thumb Code    88  main.o(i.StartTask02)
    SysTick_Handler                          0x08001ed9   Thumb Code    24  stm32f1xx_it.o(i.SysTick_Handler)
    SystemClock_Config                       0x08001ef1   Thumb Code   112  main.o(i.SystemClock_Config)
    SystemInit                               0x08001f61   Thumb Code     2  system_stm32f1xx.o(i.SystemInit)
    TIM_Base_SetConfig                       0x08001f65   Thumb Code    94  stm32f1xx_hal_tim.o(i.TIM_Base_SetConfig)
    TIM_CCxChannelCmd                        0x08001fd1   Thumb Code    26  stm32f1xx_hal_tim.o(i.TIM_CCxChannelCmd)
    TIM_ETR_SetConfig                        0x08001feb   Thumb Code    20  stm32f1xx_hal_tim.o(i.TIM_ETR_SetConfig)
    TIM_OC2_SetConfig                        0x08002061   Thumb Code    84  stm32f1xx_hal_tim.o(i.TIM_OC2_SetConfig)
    UART_Start_Receive_DMA                   0x08002355   Thumb Code    98  stm32f1xx_hal_uart.o(i.UART_Start_Receive_DMA)
    UsageFault_Handler                       0x08002429   Thumb Code     2  stm32f1xx_it.o(i.UsageFault_Handler)
    main                                     0x0800244d   Thumb Code    68  main.o(i.main)
    osDelay                                  0x080024a9   Thumb Code    14  cmsis_os.o(i.osDelay)
    osKernelStart                            0x080024b7   Thumb Code    10  cmsis_os.o(i.osKernelStart)
    osThreadCreate                           0x080024c1   Thumb Code    84  cmsis_os.o(i.osThreadCreate)
    pvPortMalloc                             0x08002859   Thumb Code   210  heap_4.o(i.pvPortMalloc)
    pxPortInitialiseStack                    0x08002931   Thumb Code    32  port.o(i.pxPortInitialiseStack)
    uxListRemove                             0x08002955   Thumb Code    38  list.o(i.uxListRemove)
    vApplicationGetIdleTaskMemory            0x0800297d   Thumb Code    16  main.o(i.vApplicationGetIdleTaskMemory)
    vListInitialise                          0x08002991   Thumb Code    22  list.o(i.vListInitialise)
    vListInitialiseItem                      0x080029a7   Thumb Code     6  list.o(i.vListInitialiseItem)
    vListInsert                              0x080029ad   Thumb Code    48  list.o(i.vListInsert)
    vListInsertEnd                           0x080029dd   Thumb Code    24  list.o(i.vListInsertEnd)
    vPortEnterCritical                       0x080029f5   Thumb Code    54  port.o(i.vPortEnterCritical)
    vPortExitCritical                        0x08002a35   Thumb Code    34  port.o(i.vPortExitCritical)
    vPortFree                                0x08002a5d   Thumb Code    88  heap_4.o(i.vPortFree)
    vPortSetupTimerInterrupt                 0x08002ab9   Thumb Code    32  port.o(i.vPortSetupTimerInterrupt)
    vTaskDelay                               0x08002add   Thumb Code    66  tasks.o(i.vTaskDelay)
    vTaskStartScheduler                      0x08002b29   Thumb Code    90  tasks.o(i.vTaskStartScheduler)
    vTaskSuspendAll                          0x08002b95   Thumb Code    10  tasks.o(i.vTaskSuspendAll)
    vTaskSwitchContext                       0x08002ba5   Thumb Code    82  tasks.o(i.vTaskSwitchContext)
    xPortStartScheduler                      0x08002c01   Thumb Code   154  port.o(i.xPortStartScheduler)
    xPortSysTickHandler                      0x08002ca9   Thumb Code    38  port.o(i.xPortSysTickHandler)
    xTaskCreate                              0x08002cd5   Thumb Code    90  tasks.o(i.xTaskCreate)
    xTaskCreateStatic                        0x08002d2f   Thumb Code    86  tasks.o(i.xTaskCreateStatic)
    xTaskGetSchedulerState                   0x08002d85   Thumb Code    22  tasks.o(i.xTaskGetSchedulerState)
    xTaskIncrementTick                       0x08002da1   Thumb Code   192  tasks.o(i.xTaskIncrementTick)
    xTaskResumeAll                           0x08002e69   Thumb Code   182  tasks.o(i.xTaskResumeAll)
    AHBPrescTable                            0x08002f64   Data          16  system_stm32f1xx.o(.constdata)
    APBPrescTable                            0x08002f74   Data           8  system_stm32f1xx.o(.constdata)
    Region$$Table$$Base                      0x08002f94   Number         0  anon$$obj.o(Region$$Table)
    Region$$Table$$Limit                     0x08002fb4   Number         0  anon$$obj.o(Region$$Table)
    rxBuffer                                 0x20000000   Data           3  main.o(.data)
    var                                      0x20000004   Data           4  main.o(.data)
    temp2                                    0x20000008   Data           4  main.o(.data)
    PWM_Receive                              0x2000000c   Data           4  main.o(.data)
    PWM_Select                               0x20000010   Data           4  main.o(.data)
    PWM_Temp                                 0x20000014   Data           4  main.o(.data)
    defaultTaskHandle                        0x20000018   Data           4  main.o(.data)
    myTask02Handle                           0x2000001c   Data           4  main.o(.data)
    txBuffer                                 0x20000020   Data           5  main.o(.data)
    uwTickFreq                               0x20000028   Data           1  stm32f1xx_hal.o(.data)
    uwTickPrio                               0x2000002c   Data           4  stm32f1xx_hal.o(.data)
    uwTick                                   0x20000030   Data           4  stm32f1xx_hal.o(.data)
    SystemCoreClock                          0x20000034   Data           4  system_stm32f1xx.o(.data)
    pxCurrentTCB                             0x20000038   Data           4  tasks.o(.data)
    hadc1                                    0x200002ec   Data          48  adc.o(.bss)
    htim1                                    0x2000031c   Data          72  tim.o(.bss)
    htim3                                    0x20000364   Data          72  tim.o(.bss)
    huart1                                   0x200003ac   Data          68  usart.o(.bss)
    hdma_usart1_rx                           0x200003f0   Data          68  usart.o(.bss)
    __libspace_start                         0x20001124   Data          96  libspace.o(.bss)
    __temporary_stack_top$libspace           0x20001184   Data           0  libspace.o(.bss)



==============================================================================

Memory Map of the image

  Image Entry point : 0x080000ed

  Load Region LR_IROM1 (Base: 0x08000000, Size: 0x0000304c, Max: 0x00010000, ABSOLUTE)

    Execution Region ER_IROM1 (Exec base: 0x08000000, Load base: 0x08000000, Size: 0x00002fb4, Max: 0x00010000, ABSOLUTE)

    Exec Addr    Load Addr    Size         Type   Attr      Idx    E Section Name        Object

    0x08000000   0x08000000   0x000000ec   Data   RO            3    RESET               startup_stm32f103xb.o
    0x080000ec   0x080000ec   0x00000008   Code   RO         4484  * !!!main             c_w.l(__main.o)
    0x080000f4   0x080000f4   0x00000034   Code   RO         4643    !!!scatter          c_w.l(__scatter.o)
    0x08000128   0x08000128   0x0000001a   Code   RO         4645    !!handler_copy      c_w.l(__scatter_copy.o)
    0x08000142   0x08000142   0x00000002   PAD
    0x08000144   0x08000144   0x0000001c   Code   RO         4647    !!handler_zi        c_w.l(__scatter_zi.o)
    0x08000160   0x08000160   0x00000002   Code   RO         4513    .ARM.Collect$$libinit$$00000000  c_w.l(libinit.o)
    0x08000162   0x08000162   0x00000000   Code   RO         4520    .ARM.Collect$$libinit$$00000002  c_w.l(libinit2.o)
    0x08000162   0x08000162   0x00000000   Code   RO         4522    .ARM.Collect$$libinit$$00000004  c_w.l(libinit2.o)
    0x08000162   0x08000162   0x00000000   Code   RO         4525    .ARM.Collect$$libinit$$0000000A  c_w.l(libinit2.o)
    0x08000162   0x08000162   0x00000000   Code   RO         4527    .ARM.Collect$$libinit$$0000000C  c_w.l(libinit2.o)
    0x08000162   0x08000162   0x00000000   Code   RO         4529    .ARM.Collect$$libinit$$0000000E  c_w.l(libinit2.o)
    0x08000162   0x08000162   0x00000000   Code   RO         4532    .ARM.Collect$$libinit$$00000011  c_w.l(libinit2.o)
    0x08000162   0x08000162   0x00000000   Code   RO         4534    .ARM.Collect$$libinit$$00000013  c_w.l(libinit2.o)
    0x08000162   0x08000162   0x00000000   Code   RO         4536    .ARM.Collect$$libinit$$00000015  c_w.l(libinit2.o)
    0x08000162   0x08000162   0x00000000   Code   RO         4538    .ARM.Collect$$libinit$$00000017  c_w.l(libinit2.o)
    0x08000162   0x08000162   0x00000000   Code   RO         4540    .ARM.Collect$$libinit$$00000019  c_w.l(libinit2.o)
    0x08000162   0x08000162   0x00000000   Code   RO         4542    .ARM.Collect$$libinit$$0000001B  c_w.l(libinit2.o)
    0x08000162   0x08000162   0x00000000   Code   RO         4544    .ARM.Collect$$libinit$$0000001D  c_w.l(libinit2.o)
    0x08000162   0x08000162   0x00000000   Code   RO         4546    .ARM.Collect$$libinit$$0000001F  c_w.l(libinit2.o)
    0x08000162   0x08000162   0x00000000   Code   RO         4548    .ARM.Collect$$libinit$$00000021  c_w.l(libinit2.o)
    0x08000162   0x08000162   0x00000000   Code   RO         4550    .ARM.Collect$$libinit$$00000023  c_w.l(libinit2.o)
    0x08000162   0x08000162   0x00000000   Code   RO         4552    .ARM.Collect$$libinit$$00000025  c_w.l(libinit2.o)
    0x08000162   0x08000162   0x00000000   Code   RO         4556    .ARM.Collect$$libinit$$0000002C  c_w.l(libinit2.o)
    0x08000162   0x08000162   0x00000000   Code   RO         4558    .ARM.Collect$$libinit$$0000002E  c_w.l(libinit2.o)
    0x08000162   0x08000162   0x00000000   Code   RO         4560    .ARM.Collect$$libinit$$00000030  c_w.l(libinit2.o)
    0x08000162   0x08000162   0x00000000   Code   RO         4562    .ARM.Collect$$libinit$$00000032  c_w.l(libinit2.o)
    0x08000162   0x08000162   0x00000002   Code   RO         4563    .ARM.Collect$$libinit$$00000033  c_w.l(libinit2.o)
    0x08000164   0x08000164   0x00000002   Code   RO         4583    .ARM.Collect$$libshutdown$$00000000  c_w.l(libshutdown.o)
    0x08000166   0x08000166   0x00000000   Code   RO         4596    .ARM.Collect$$libshutdown$$00000002  c_w.l(libshutdown2.o)
    0x08000166   0x08000166   0x00000000   Code   RO         4598    .ARM.Collect$$libshutdown$$00000004  c_w.l(libshutdown2.o)
    0x08000166   0x08000166   0x00000000   Code   RO         4601    .ARM.Collect$$libshutdown$$00000007  c_w.l(libshutdown2.o)
    0x08000166   0x08000166   0x00000000   Code   RO         4604    .ARM.Collect$$libshutdown$$0000000A  c_w.l(libshutdown2.o)
    0x08000166   0x08000166   0x00000000   Code   RO         4606    .ARM.Collect$$libshutdown$$0000000C  c_w.l(libshutdown2.o)
    0x08000166   0x08000166   0x00000000   Code   RO         4609    .ARM.Collect$$libshutdown$$0000000F  c_w.l(libshutdown2.o)
    0x08000166   0x08000166   0x00000002   Code   RO         4610    .ARM.Collect$$libshutdown$$00000010  c_w.l(libshutdown2.o)
    0x08000168   0x08000168   0x00000000   Code   RO         4486    .ARM.Collect$$rtentry$$00000000  c_w.l(__rtentry.o)
    0x08000168   0x08000168   0x00000000   Code   RO         4490    .ARM.Collect$$rtentry$$00000002  c_w.l(__rtentry2.o)
    0x08000168   0x08000168   0x00000006   Code   RO         4502    .ARM.Collect$$rtentry$$00000004  c_w.l(__rtentry4.o)
    0x0800016e   0x0800016e   0x00000000   Code   RO         4492    .ARM.Collect$$rtentry$$00000009  c_w.l(__rtentry2.o)
    0x0800016e   0x0800016e   0x00000004   Code   RO         4493    .ARM.Collect$$rtentry$$0000000A  c_w.l(__rtentry2.o)
    0x08000172   0x08000172   0x00000000   Code   RO         4495    .ARM.Collect$$rtentry$$0000000C  c_w.l(__rtentry2.o)
    0x08000172   0x08000172   0x00000008   Code   RO         4496    .ARM.Collect$$rtentry$$0000000D  c_w.l(__rtentry2.o)
    0x0800017a   0x0800017a   0x00000002   Code   RO         4517    .ARM.Collect$$rtexit$$00000000  c_w.l(rtexit.o)
    0x0800017c   0x0800017c   0x00000000   Code   RO         4565    .ARM.Collect$$rtexit$$00000002  c_w.l(rtexit2.o)
    0x0800017c   0x0800017c   0x00000004   Code   RO         4566    .ARM.Collect$$rtexit$$00000003  c_w.l(rtexit2.o)
    0x08000180   0x08000180   0x00000006   Code   RO         4567    .ARM.Collect$$rtexit$$00000004  c_w.l(rtexit2.o)
    0x08000186   0x08000186   0x00000002   PAD
    0x08000188   0x08000188   0x00000096   Code   RO         4393    .emb_text           port.o
    0x0800021e   0x0800021e   0x00000002   PAD
    0x08000220   0x08000220   0x00000040   Code   RO            4    .text               startup_stm32f103xb.o
    0x08000260   0x08000260   0x00000064   Code   RO         4476    .text               c_w.l(rt_memcpy_w.o)
    0x080002c4   0x080002c4   0x0000004e   Code   RO         4480    .text               c_w.l(rt_memclr_w.o)
    0x08000312   0x08000312   0x00000006   Code   RO         4482    .text               c_w.l(heapauxi.o)
    0x08000318   0x08000318   0x0000004a   Code   RO         4504    .text               c_w.l(sys_stackheap_outer.o)
    0x08000362   0x08000362   0x00000012   Code   RO         4506    .text               c_w.l(exit.o)
    0x08000374   0x08000374   0x00000008   Code   RO         4514    .text               c_w.l(libspace.o)
    0x0800037c   0x0800037c   0x0000000c   Code   RO         4575    .text               c_w.l(sys_exit.o)
    0x08000388   0x08000388   0x00000002   Code   RO         4586    .text               c_w.l(use_no_semi.o)
    0x0800038a   0x0800038a   0x00000000   Code   RO         4588    .text               c_w.l(indicate_semi.o)
    0x0800038a   0x0800038a   0x00000002   PAD
    0x0800038c   0x0800038c   0x0000000c   Code   RO          447    i.ADC1_2_IRQHandler  stm32f1xx_it.o
    0x08000398   0x08000398   0x00000056   Code   RO          583    i.ADC_ConversionStop_Disable  stm32f1xx_hal_adc.o
    0x080003ee   0x080003ee   0x00000002   PAD
    0x080003f0   0x080003f0   0x0000007c   Code   RO          587    i.ADC_Enable        stm32f1xx_hal_adc.o
    0x0800046c   0x0800046c   0x00000002   Code   RO          448    i.BusFault_Handler  stm32f1xx_it.o
    0x0800046e   0x0800046e   0x00000002   PAD
    0x08000470   0x08000470   0x0000002c   Code   RO           13    i.ConvertByteToInt  main.o
    0x0800049c   0x0800049c   0x00000050   Code   RO           14    i.ConvertIntToByte  main.o
    0x080004ec   0x080004ec   0x0000000c   Code   RO          449    i.DMA1_Channel5_IRQHandler  stm32f1xx_it.o
    0x080004f8   0x080004f8   0x0000002a   Code   RO         1237    i.DMA_SetConfig     stm32f1xx_hal_dma.o
    0x08000522   0x08000522   0x00000002   Code   RO          450    i.DebugMon_Handler  stm32f1xx_it.o
    0x08000524   0x08000524   0x00000004   Code   RO           15    i.Error_Handler     main.o
    0x08000528   0x08000528   0x00000002   Code   RO          765    i.HAL_ADCEx_InjectedConvCpltCallback  stm32f1xx_hal_adc_ex.o
    0x0800052a   0x0800052a   0x00000002   PAD
    0x0800052c   0x0800052c   0x00000058   Code   RO          588    i.HAL_ADC_AnalogWDGConfig  stm32f1xx_hal_adc.o
    0x08000584   0x08000584   0x000000fc   Code   RO          589    i.HAL_ADC_ConfigChannel  stm32f1xx_hal_adc.o
    0x08000680   0x08000680   0x00000002   Code   RO          590    i.HAL_ADC_ConvCpltCallback  stm32f1xx_hal_adc.o
    0x08000682   0x08000682   0x00000006   Code   RO          596    i.HAL_ADC_GetValue  stm32f1xx_hal_adc.o
    0x08000688   0x08000688   0x000000e6   Code   RO          597    i.HAL_ADC_IRQHandler  stm32f1xx_hal_adc.o
    0x0800076e   0x0800076e   0x00000002   PAD
    0x08000770   0x08000770   0x0000011c   Code   RO          598    i.HAL_ADC_Init      stm32f1xx_hal_adc.o
    0x0800088c   0x0800088c   0x00000002   Code   RO          599    i.HAL_ADC_LevelOutOfWindowCallback  stm32f1xx_hal_adc.o
    0x0800088e   0x0800088e   0x00000002   PAD
    0x08000890   0x08000890   0x00000068   Code   RO          286    i.HAL_ADC_MspInit   adc.o
    0x080008f8   0x080008f8   0x000000c0   Code   RO          604    i.HAL_ADC_Start     stm32f1xx_hal_adc.o
    0x080009b8   0x080009b8   0x00000034   Code   RO          607    i.HAL_ADC_Stop      stm32f1xx_hal_adc.o
    0x080009ec   0x080009ec   0x00000154   Code   RO         1243    i.HAL_DMA_IRQHandler  stm32f1xx_hal_dma.o
    0x08000b40   0x08000b40   0x0000005c   Code   RO         1244    i.HAL_DMA_Init      stm32f1xx_hal_dma.o
    0x08000b9c   0x08000b9c   0x00000070   Code   RO         1248    i.HAL_DMA_Start_IT  stm32f1xx_hal_dma.o
    0x08000c0c   0x08000c0c   0x00000024   Code   RO          866    i.HAL_Delay         stm32f1xx_hal.o
    0x08000c30   0x08000c30   0x000001e0   Code   RO         1174    i.HAL_GPIO_Init     stm32f1xx_hal_gpio.o
    0x08000e10   0x08000e10   0x0000000a   Code   RO         1178    i.HAL_GPIO_WritePin  stm32f1xx_hal_gpio.o
    0x08000e1a   0x08000e1a   0x00000002   PAD
    0x08000e1c   0x08000e1c   0x0000000c   Code   RO          870    i.HAL_GetTick       stm32f1xx_hal.o
    0x08000e28   0x08000e28   0x00000010   Code   RO          876    i.HAL_IncTick       stm32f1xx_hal.o
    0x08000e38   0x08000e38   0x00000024   Code   RO          877    i.HAL_Init          stm32f1xx_hal.o
    0x08000e5c   0x08000e5c   0x00000040   Code   RO          878    i.HAL_InitTick      stm32f1xx_hal.o
    0x08000e9c   0x08000e9c   0x00000048   Code   RO          523    i.HAL_MspInit       stm32f1xx_hal_msp.o
    0x08000ee4   0x08000ee4   0x0000001a   Code   RO         1334    i.HAL_NVIC_EnableIRQ  stm32f1xx_hal_cortex.o
    0x08000efe   0x08000efe   0x00000002   PAD
    0x08000f00   0x08000f00   0x00000040   Code   RO         1340    i.HAL_NVIC_SetPriority  stm32f1xx_hal_cortex.o
    0x08000f40   0x08000f40   0x00000024   Code   RO         1341    i.HAL_NVIC_SetPriorityGrouping  stm32f1xx_hal_cortex.o
    0x08000f64   0x08000f64   0x000000ec   Code   RO         1137    i.HAL_RCCEx_PeriphCLKConfig  stm32f1xx_hal_rcc_ex.o
    0x08001050   0x08001050   0x0000012c   Code   RO         1034    i.HAL_RCC_ClockConfig  stm32f1xx_hal_rcc.o
    0x0800117c   0x0800117c   0x00000020   Code   RO         1041    i.HAL_RCC_GetPCLK1Freq  stm32f1xx_hal_rcc.o
    0x0800119c   0x0800119c   0x00000020   Code   RO         1042    i.HAL_RCC_GetPCLK2Freq  stm32f1xx_hal_rcc.o
    0x080011bc   0x080011bc   0x0000006c   Code   RO         1043    i.HAL_RCC_GetSysClockFreq  stm32f1xx_hal_rcc.o
    0x08001228   0x08001228   0x00000320   Code   RO         1046    i.HAL_RCC_OscConfig  stm32f1xx_hal_rcc.o
    0x08001548   0x08001548   0x00000028   Code   RO         1345    i.HAL_SYSTICK_Config  stm32f1xx_hal_cortex.o
    0x08001570   0x08001570   0x00000068   Code   RO         2559    i.HAL_TIMEx_MasterConfigSynchronization  stm32f1xx_hal_tim_ex.o
    0x080015d8   0x080015d8   0x0000005a   Code   RO         1836    i.HAL_TIM_Base_Init  stm32f1xx_hal_tim.o
    0x08001632   0x08001632   0x00000002   PAD
    0x08001634   0x08001634   0x00000040   Code   RO          352    i.HAL_TIM_Base_MspInit  tim.o
    0x08001674   0x08001674   0x000000d6   Code   RO         1845    i.HAL_TIM_ConfigClockSource  stm32f1xx_hal_tim.o
    0x0800174a   0x0800174a   0x00000002   PAD
    0x0800174c   0x0800174c   0x0000004c   Code   RO          353    i.HAL_TIM_MspPostInit  tim.o
    0x08001798   0x08001798   0x000000c6   Code   RO         1908    i.HAL_TIM_PWM_ConfigChannel  stm32f1xx_hal_tim.o
    0x0800185e   0x0800185e   0x0000005a   Code   RO         1911    i.HAL_TIM_PWM_Init  stm32f1xx_hal_tim.o
    0x080018b8   0x080018b8   0x00000002   Code   RO         1913    i.HAL_TIM_PWM_MspInit  stm32f1xx_hal_tim.o
    0x080018ba   0x080018ba   0x00000002   PAD
    0x080018bc   0x080018bc   0x0000009c   Code   RO         1916    i.HAL_TIM_PWM_Start  stm32f1xx_hal_tim.o
    0x08001958   0x08001958   0x00000002   Code   RO         2818    i.HAL_UARTEx_RxEventCallback  stm32f1xx_hal_uart.o
    0x0800195a   0x0800195a   0x00000002   Code   RO         2832    i.HAL_UART_ErrorCallback  stm32f1xx_hal_uart.o
    0x0800195c   0x0800195c   0x00000062   Code   RO         2836    i.HAL_UART_Init     stm32f1xx_hal_uart.o
    0x080019be   0x080019be   0x00000002   PAD
    0x080019c0   0x080019c0   0x000000a0   Code   RO          406    i.HAL_UART_MspInit  usart.o
    0x08001a60   0x08001a60   0x0000002a   Code   RO         2840    i.HAL_UART_Receive_DMA  stm32f1xx_hal_uart.o
    0x08001a8a   0x08001a8a   0x00000002   Code   RO         2842    i.HAL_UART_RxCpltCallback  stm32f1xx_hal_uart.o
    0x08001a8c   0x08001a8c   0x00000002   Code   RO         2843    i.HAL_UART_RxHalfCpltCallback  stm32f1xx_hal_uart.o
    0x08001a8e   0x08001a8e   0x00000002   PAD
    0x08001a90   0x08001a90   0x000000b2   Code   RO         2844    i.HAL_UART_Transmit  stm32f1xx_hal_uart.o
    0x08001b42   0x08001b42   0x00000002   Code   RO          451    i.HardFault_Handler  stm32f1xx_it.o
    0x08001b44   0x08001b44   0x0000007c   Code   RO          287    i.MX_ADC1_Init      adc.o
    0x08001bc0   0x08001bc0   0x0000002c   Code   RO          327    i.MX_DMA_Init       dma.o
    0x08001bec   0x08001bec   0x0000003c   Code   RO           16    i.MX_FREERTOS_Init  main.o
    0x08001c28   0x08001c28   0x000000a8   Code   RO          258    i.MX_GPIO_Init      gpio.o
    0x08001cd0   0x08001cd0   0x00000068   Code   RO          354    i.MX_TIM1_Init      tim.o
    0x08001d38   0x08001d38   0x00000098   Code   RO          355    i.MX_TIM3_Init      tim.o
    0x08001dd0   0x08001dd0   0x00000038   Code   RO          407    i.MX_USART1_UART_Init  usart.o
    0x08001e08   0x08001e08   0x00000002   Code   RO          452    i.MemManage_Handler  stm32f1xx_it.o
    0x08001e0a   0x08001e0a   0x00000002   Code   RO          453    i.NMI_Handler       stm32f1xx_it.o
    0x08001e0c   0x08001e0c   0x0000002c   Code   RO           17    i.Read_sensor       main.o
    0x08001e38   0x08001e38   0x00000038   Code   RO           18    i.StartDefaultTask  main.o
    0x08001e70   0x08001e70   0x00000068   Code   RO           19    i.StartTask02       main.o
    0x08001ed8   0x08001ed8   0x00000018   Code   RO          454    i.SysTick_Handler   stm32f1xx_it.o
    0x08001ef0   0x08001ef0   0x00000070   Code   RO           20    i.SystemClock_Config  main.o
    0x08001f60   0x08001f60   0x00000002   Code   RO         3165    i.SystemInit        system_stm32f1xx.o
    0x08001f62   0x08001f62   0x00000002   PAD
    0x08001f64   0x08001f64   0x0000006c   Code   RO         1929    i.TIM_Base_SetConfig  stm32f1xx_hal_tim.o
    0x08001fd0   0x08001fd0   0x0000001a   Code   RO         1930    i.TIM_CCxChannelCmd  stm32f1xx_hal_tim.o
    0x08001fea   0x08001fea   0x00000014   Code   RO         1940    i.TIM_ETR_SetConfig  stm32f1xx_hal_tim.o
    0x08001ffe   0x08001ffe   0x00000010   Code   RO         1941    i.TIM_ITRx_SetConfig  stm32f1xx_hal_tim.o
    0x0800200e   0x0800200e   0x00000002   PAD
    0x08002010   0x08002010   0x00000050   Code   RO         1942    i.TIM_OC1_SetConfig  stm32f1xx_hal_tim.o
    0x08002060   0x08002060   0x00000058   Code   RO         1943    i.TIM_OC2_SetConfig  stm32f1xx_hal_tim.o
    0x080020b8   0x080020b8   0x00000058   Code   RO         1944    i.TIM_OC3_SetConfig  stm32f1xx_hal_tim.o
    0x08002110   0x08002110   0x00000044   Code   RO         1945    i.TIM_OC4_SetConfig  stm32f1xx_hal_tim.o
    0x08002154   0x08002154   0x00000022   Code   RO         1947    i.TIM_TI1_ConfigInputStage  stm32f1xx_hal_tim.o
    0x08002176   0x08002176   0x00000024   Code   RO         1949    i.TIM_TI2_ConfigInputStage  stm32f1xx_hal_tim.o
    0x0800219a   0x0800219a   0x0000004a   Code   RO         2850    i.UART_DMAError     stm32f1xx_hal_uart.o
    0x080021e4   0x080021e4   0x0000005a   Code   RO         2851    i.UART_DMAReceiveCplt  stm32f1xx_hal_uart.o
    0x0800223e   0x0800223e   0x0000001a   Code   RO         2853    i.UART_DMARxHalfCplt  stm32f1xx_hal_uart.o
    0x08002258   0x08002258   0x00000030   Code   RO         2859    i.UART_EndRxTransfer  stm32f1xx_hal_uart.o
    0x08002288   0x08002288   0x00000012   Code   RO         2860    i.UART_EndTxTransfer  stm32f1xx_hal_uart.o
    0x0800229a   0x0800229a   0x00000002   PAD
    0x0800229c   0x0800229c   0x000000b8   Code   RO         2862    i.UART_SetConfig    stm32f1xx_hal_uart.o
    0x08002354   0x08002354   0x00000070   Code   RO         2863    i.UART_Start_Receive_DMA  stm32f1xx_hal_uart.o
    0x080023c4   0x080023c4   0x00000064   Code   RO         2865    i.UART_WaitOnFlagUntilTimeout  stm32f1xx_hal_uart.o
    0x08002428   0x08002428   0x00000002   Code   RO          455    i.UsageFault_Handler  stm32f1xx_it.o
    0x0800242a   0x0800242a   0x00000020   Code   RO         1347    i.__NVIC_SetPriority  stm32f1xx_hal_cortex.o
    0x0800244a   0x0800244a   0x00000002   PAD
    0x0800244c   0x0800244c   0x00000050   Code   RO           21    i.main              main.o
    0x0800249c   0x0800249c   0x0000000c   Code   RO         3965    i.makeFreeRtosPriority  cmsis_os.o
    0x080024a8   0x080024a8   0x0000000e   Code   RO         3967    i.osDelay           cmsis_os.o
    0x080024b6   0x080024b6   0x0000000a   Code   RO         3970    i.osKernelStart     cmsis_os.o
    0x080024c0   0x080024c0   0x00000054   Code   RO         4004    i.osThreadCreate    cmsis_os.o
    0x08002514   0x08002514   0x00000070   Code   RO         3662    i.prvAddCurrentTaskToDelayedList  tasks.o
    0x08002584   0x08002584   0x000000d0   Code   RO         3663    i.prvAddNewTaskToReadyList  tasks.o
    0x08002654   0x08002654   0x00000034   Code   RO         3664    i.prvDeleteTCB      tasks.o
    0x08002688   0x08002688   0x0000004c   Code   RO         4332    i.prvHeapInit       heap_4.o
    0x080026d4   0x080026d4   0x00000060   Code   RO         3665    i.prvIdleTask       tasks.o
    0x08002734   0x08002734   0x0000008e   Code   RO         3666    i.prvInitialiseNewTask  tasks.o
    0x080027c2   0x080027c2   0x00000002   PAD
    0x080027c4   0x080027c4   0x0000004c   Code   RO         4333    i.prvInsertBlockIntoFreeList  heap_4.o
    0x08002810   0x08002810   0x00000020   Code   RO         3667    i.prvResetNextTaskUnblockTime  tasks.o
    0x08002830   0x08002830   0x00000028   Code   RO         4394    i.prvTaskExitError  port.o
    0x08002858   0x08002858   0x000000d8   Code   RO         4334    i.pvPortMalloc      heap_4.o
    0x08002930   0x08002930   0x00000024   Code   RO         4395    i.pxPortInitialiseStack  port.o
    0x08002954   0x08002954   0x00000026   Code   RO         3307    i.uxListRemove      list.o
    0x0800297a   0x0800297a   0x00000002   PAD
    0x0800297c   0x0800297c   0x00000014   Code   RO           22    i.vApplicationGetIdleTaskMemory  main.o
    0x08002990   0x08002990   0x00000016   Code   RO         3308    i.vListInitialise   list.o
    0x080029a6   0x080029a6   0x00000006   Code   RO         3309    i.vListInitialiseItem  list.o
    0x080029ac   0x080029ac   0x00000030   Code   RO         3310    i.vListInsert       list.o
    0x080029dc   0x080029dc   0x00000018   Code   RO         3311    i.vListInsertEnd    list.o
    0x080029f4   0x080029f4   0x00000040   Code   RO         4397    i.vPortEnterCritical  port.o
    0x08002a34   0x08002a34   0x00000028   Code   RO         4398    i.vPortExitCritical  port.o
    0x08002a5c   0x08002a5c   0x0000005c   Code   RO         4335    i.vPortFree         heap_4.o
    0x08002ab8   0x08002ab8   0x00000024   Code   RO         4399    i.vPortSetupTimerInterrupt  port.o
    0x08002adc   0x08002adc   0x0000004c   Code   RO         3675    i.vTaskDelay        tasks.o
    0x08002b28   0x08002b28   0x0000006c   Code   RO         3688    i.vTaskStartScheduler  tasks.o
    0x08002b94   0x08002b94   0x00000010   Code   RO         3690    i.vTaskSuspendAll   tasks.o
    0x08002ba4   0x08002ba4   0x0000005c   Code   RO         3691    i.vTaskSwitchContext  tasks.o
    0x08002c00   0x08002c00   0x000000a8   Code   RO         4401    i.xPortStartScheduler  port.o
    0x08002ca8   0x08002ca8   0x0000002c   Code   RO         4402    i.xPortSysTickHandler  port.o
    0x08002cd4   0x08002cd4   0x0000005a   Code   RO         3693    i.xTaskCreate       tasks.o
    0x08002d2e   0x08002d2e   0x00000056   Code   RO         3694    i.xTaskCreateStatic  tasks.o
    0x08002d84   0x08002d84   0x0000001c   Code   RO         3698    i.xTaskGetSchedulerState  tasks.o
    0x08002da0   0x08002da0   0x000000c8   Code   RO         3701    i.xTaskIncrementTick  tasks.o
    0x08002e68   0x08002e68   0x000000c4   Code   RO         3707    i.xTaskResumeAll    tasks.o
    0x08002f2c   0x08002f2c   0x00000038   Data   RO           24    .constdata          main.o
    0x08002f64   0x08002f64   0x00000010   Data   RO         3166    .constdata          system_stm32f1xx.o
    0x08002f74   0x08002f74   0x00000008   Data   RO         3167    .constdata          system_stm32f1xx.o
    0x08002f7c   0x08002f7c   0x00000018   Data   RO           25    .conststring        main.o
    0x08002f94   0x08002f94   0x00000020   Data   RO         4641    Region$$Table       anon$$obj.o


    Execution Region RW_IRAM1 (Exec base: 0x20000000, Load base: 0x08002fb4, Size: 0x00001788, Max: 0x00005000, ABSOLUTE)

    Exec Addr    Load Addr    Size         Type   Attr      Idx    E Section Name        Object

    0x20000000   0x08002fb4   0x00000025   Data   RW           26    .data               main.o
    0x20000025   0x08002fd9   0x00000003   PAD
    0x20000028   0x08002fdc   0x0000000c   Data   RW          884    .data               stm32f1xx_hal.o
    0x20000034   0x08002fe8   0x00000004   Data   RW         3168    .data               system_stm32f1xx.o
    0x20000038   0x08002fec   0x0000003c   Data   RW         3710    .data               tasks.o
    0x20000074   0x08003028   0x00000018   Data   RW         4340    .data               heap_4.o
    0x2000008c   0x08003040   0x0000000c   Data   RW         4403    .data               port.o
    0x20000098        -       0x00000254   Zero   RW           23    .bss                main.o
    0x200002ec        -       0x00000030   Zero   RW          288    .bss                adc.o
    0x2000031c        -       0x00000090   Zero   RW          356    .bss                tim.o
    0x200003ac        -       0x00000088   Zero   RW          408    .bss                usart.o
    0x20000434        -       0x000000f0   Zero   RW         3709    .bss                tasks.o
    0x20000524        -       0x00000c00   Zero   RW         4339    .bss                heap_4.o
    0x20001124        -       0x00000060   Zero   RW         4515    .bss                c_w.l(libspace.o)
    0x20001184   0x0800304c   0x00000004   PAD
    0x20001188        -       0x00000200   Zero   RW            2    HEAP                startup_stm32f103xb.o
    0x20001388        -       0x00000400   Zero   RW            1    STACK               startup_stm32f103xb.o


==============================================================================

Image component sizes


      Code (inc. data)   RO Data    RW Data    ZI Data      Debug   Object Name

       228         24          0          0         48       1621   adc.o
       120          0          0          0          0      22089   cmsis_os.o
        44          4          0          0          0        694   dma.o
         0          0          0          0          0      18068   event_groups.o
       168         12          0          0          0        907   gpio.o
       460         24          0         24       3072       7015   heap_4.o
       138          0          0          0          0       3210   list.o
       604         70         80         37        596     483436   main.o
       578         60          0         12          0       9996   port.o
        64         26        236          0       1536        780   startup_stm32f103xb.o
       164         28          0         12          0       5653   stm32f1xx_hal.o
      1318         48          0          0          0       8320   stm32f1xx_hal_adc.o
         2          0          0          0          0        997   stm32f1xx_hal_adc_ex.o
       198         14          0          0          0      28755   stm32f1xx_hal_cortex.o
       586         32          0          0          0       3443   stm32f1xx_hal_dma.o
       490         34          0          0          0       2796   stm32f1xx_hal_gpio.o
        72         10          0          0          0        810   stm32f1xx_hal_msp.o
      1272        100          0          0          0       5004   stm32f1xx_hal_rcc.o
       236         12          0          0          0       1324   stm32f1xx_hal_rcc_ex.o
      1314         46          0          0          0      11624   stm32f1xx_hal_tim.o
       104         12          0          0          0       1264   stm32f1xx_hal_tim_ex.o
       978         20          0          0          0       9850   stm32f1xx_hal_uart.o
        60         12          0          0          0       3698   stm32f1xx_it.o
         0          0          0          0          0        392   stream_buffer.o
         2          0         24          4          0       1023   system_stm32f1xx.o
      1534        116          0         60        240      16207   tasks.o
       396         42          0          0        144       2789   tim.o
       216         28          0          0        136       1653   usart.o

    ----------------------------------------------------------------------
     11384        774        372        152       5772     653418   Object Totals
         0          0         32          0          0          0   (incl. Generated)
        38          0          0          3          0          0   (incl. Padding)

    ----------------------------------------------------------------------

      Code (inc. data)   RO Data    RW Data    ZI Data      Debug   Library Member Name

         8          0          0          0          0         68   __main.o
         0          0          0          0          0          0   __rtentry.o
        12          0          0          0          0          0   __rtentry2.o
         6          0          0          0          0          0   __rtentry4.o
        52          8          0          0          0          0   __scatter.o
        26          0          0          0          0          0   __scatter_copy.o
        28          0          0          0          0          0   __scatter_zi.o
        18          0          0          0          0         80   exit.o
         6          0          0          0          0        152   heapauxi.o
         0          0          0          0          0          0   indicate_semi.o
         2          0          0          0          0          0   libinit.o
         2          0          0          0          0          0   libinit2.o
         2          0          0          0          0          0   libshutdown.o
         2          0          0          0          0          0   libshutdown2.o
         8          4          0          0         96         68   libspace.o
        78          0          0          0          0         80   rt_memclr_w.o
       100          0          0          0          0         80   rt_memcpy_w.o
         2          0          0          0          0          0   rtexit.o
        10          0          0          0          0          0   rtexit2.o
        12          4          0          0          0         68   sys_exit.o
        74          0          0          0          0         80   sys_stackheap_outer.o
         2          0          0          0          0         68   use_no_semi.o

    ----------------------------------------------------------------------
       456         16          0          0        100        744   Library Totals
         6          0          0          0          4          0   (incl. Padding)

    ----------------------------------------------------------------------

      Code (inc. data)   RO Data    RW Data    ZI Data      Debug   Library Name

       450         16          0          0         96        744   c_w.l

    ----------------------------------------------------------------------
       456         16          0          0        100        744   Library Totals

    ----------------------------------------------------------------------

==============================================================================


      Code (inc. data)   RO Data    RW Data    ZI Data      Debug   

     11840        790        372        152       5872     647242   Grand Totals
     11840        790        372        152       5872     647242   ELF Image Totals
     11840        790        372        152          0          0   ROM Totals

==============================================================================

    Total RO  Size (Code + RO Data)                12212 (  11.93kB)
    Total RW  Size (RW Data + ZI Data)              6024 (   5.88kB)
    Total ROM Size (Code + RO Data + RW Data)      12364 (  12.07kB)

==============================================================================

